{
  "n_states": 118783,
  "n_clauses": 180,
  "n_distinct_clauses": 58,
  "n_false_clauses": 0,
  "n_true_clauses": 50,
  "fallback_action": 4,
  "fallback_rate": 0.0,
  "teacher_vs_data": 0.9994948772130692,
  "teacher_raw_vs_data": 0.9994948772130692,
  "hard_fidelity": 0.9657863498985545,
  "soft_fidelity": 0.9968682387210291,
  "hard_z_equals_bool": 1.0,
  "zero_intervention_max_dh": 0.0,
  "concepts_in_rules": 43,
  "rule_concepts_dead": [],
  "rule_concepts_unflippable_on": [],
  "rule_concepts_unflippable_off": [],
  "strengths": [
    50.0,
    75.0,
    90.0,
    95.0,
    99.0
  ],
  "primary_strength": 50.0
}
Rows: 165434 | states without a winning literal clause: 155/5000
  strength q=50: suff. teacher->target int=0.027 dirb=0.014 noise=0.015 ||dh||=2.208 | concept nec teacher int=0.088 dirb=0.069 noise=0.094 ||dh||=2.131
  strength q=75: suff. teacher->target int=0.041 dirb=0.019 noise=0.020 ||dh||=3.568 | concept nec teacher int=0.101 dirb=0.082 noise=0.110 ||dh||=2.221
  strength q=90: suff. teacher->target int=0.055 dirb=0.023 noise=0.025 ||dh||=4.917 | concept nec teacher int=0.117 dirb=0.095 noise=0.128 ||dh||=2.339
  strength q=95: suff. teacher->target int=0.065 dirb=0.026 noise=0.027 ||dh||=5.655 | concept nec teacher int=0.127 dirb=0.104 noise=0.138 ||dh||=2.435
  strength q=99: suff. teacher->target int=0.090 dirb=0.030 noise=0.032 ||dh||=7.255 | concept nec teacher int=0.146 dirb=0.117 noise=0.153 ||dh||=2.614

Row sanity: {'RPCR': 1.0, 'flip_consistency_rule_vs_sae': 1.0, 'mean_neg_frac_before_clamp': 0.3662062622972001, 'rows_dropped_unflippable': 0}

Share of flips that turn a concept ON (only these depend on --strengths):
  necessity concept: 0.112
  necessity  clause: 0.107
  necessity  action: 0.075
  sufficiency       : 0.978

== Levels at primary strength q=50 (necessity; teacher change rate) ==
  concept n= 21233 | int=0.088 dirb=0.069 noise=0.094 | raw int=0.117 soft=0.074 hard=0.127 | ||dh|| int=2.131 dirb=1.904 noise=2.239
          coverage: mb_any=0.13 mb_rule=0.81 dirb=1.00 noise=1.00
          int - dirb  : +0.019 [+0.014, +0.024] n=21233 | int=0.088 vs dirb=0.069
          int - noise : -0.006 [-0.011, -0.001] n=21233 | int=0.088 vs noise=0.094
          int - mb_any: -0.021 [-0.036, -0.006] n=2813 | int=0.164 vs mb_any=0.185 (paired subset only)
   clause n= 23445 | int=0.153 dirb=0.114 noise=0.139 | raw int=0.200 soft=0.189 hard=0.397 | ||dh|| int=2.905 dirb=3.038 noise=3.428
          coverage: mb_any=0.01 mb_rule=0.56 dirb=1.00 noise=1.00
          int - dirb  : +0.039 [+0.034, +0.045] n=23445 | int=0.153 vs dirb=0.114
          int - noise : +0.014 [+0.008, +0.021] n=23445 | int=0.153 vs noise=0.139
          int - mb_any: +0.061 [-0.000, +0.126] n=214 | int=0.154 vs mb_any=0.093 (paired subset only)
   action n=  4845 | int=0.265 dirb=0.225 noise=0.245 | raw int=0.400 soft=0.976 hard=1.000 | ||dh|| int=3.267 dirb=4.496 noise=4.978
          coverage: mb_any=0.00 mb_rule=0.23 dirb=1.00 noise=1.00
          int - dirb  : +0.040 [+0.025, +0.055] n=4845 | int=0.265 vs dirb=0.225
          int - noise : +0.020 [+0.004, +0.038] n=4845 | int=0.265 vs noise=0.245
          int - mb_any: +0.000 [+0.000, +0.000] n=3 | int=0.667 vs mb_any=0.667 (paired subset only)

== Strength curve (teacher change rate; int - dirb with 95% CI) ==
  concept q=  50 | int=0.088 dirb=0.069 noise=0.094 | int-dirb +0.019 [+0.014, +0.024] | int-noise -0.006 [-0.011, -0.001] | ||dh||=2.131
  concept q=  75 | int=0.101 dirb=0.082 noise=0.110 | int-dirb +0.020 [+0.015, +0.024] | int-noise -0.009 [-0.014, -0.004] | ||dh||=2.221
  concept q=  90 | int=0.117 dirb=0.095 noise=0.128 | int-dirb +0.022 [+0.017, +0.027] | int-noise -0.012 [-0.016, -0.007] | ||dh||=2.339
  concept q=  95 | int=0.127 dirb=0.104 noise=0.138 | int-dirb +0.023 [+0.018, +0.028] | int-noise -0.011 [-0.016, -0.006] | ||dh||=2.435
  concept q=  99 | int=0.146 dirb=0.117 noise=0.153 | int-dirb +0.029 [+0.024, +0.034] | int-noise -0.006 [-0.011, -0.002] | ||dh||=2.614
   clause q=  50 | int=0.153 dirb=0.114 noise=0.139 | int-dirb +0.039 [+0.034, +0.045] | int-noise +0.014 [+0.008, +0.021] | ||dh||=2.905
   clause q=  75 | int=0.189 dirb=0.134 noise=0.170 | int-dirb +0.055 [+0.050, +0.061] | int-noise +0.020 [+0.012, +0.026] | ||dh||=3.000
   clause q=  90 | int=0.232 dirb=0.163 noise=0.203 | int-dirb +0.069 [+0.063, +0.075] | int-noise +0.029 [+0.022, +0.036] | ||dh||=3.185
   clause q=  95 | int=0.257 dirb=0.183 noise=0.225 | int-dirb +0.074 [+0.068, +0.080] | int-noise +0.032 [+0.025, +0.039] | ||dh||=3.359
   clause q=  99 | int=0.298 dirb=0.210 noise=0.256 | int-dirb +0.088 [+0.081, +0.094] | int-noise +0.042 [+0.035, +0.049] | ||dh||=3.709
   action q=  50 | int=0.265 dirb=0.225 noise=0.245 | int-dirb +0.040 [+0.025, +0.055] | int-noise +0.020 [+0.004, +0.038] | ||dh||=3.267
   action q=  75 | int=0.328 dirb=0.251 noise=0.276 | int-dirb +0.077 [+0.061, +0.093] | int-noise +0.052 [+0.036, +0.068] | ||dh||=3.404
   action q=  90 | int=0.385 dirb=0.275 noise=0.309 | int-dirb +0.109 [+0.094, +0.125] | int-noise +0.076 [+0.061, +0.090] | ||dh||=3.718
   action q=  95 | int=0.412 dirb=0.289 noise=0.325 | int-dirb +0.123 [+0.109, +0.139] | int-noise +0.087 [+0.073, +0.101] | ||dh||=4.033
   action q=  99 | int=0.438 dirb=0.315 noise=0.348 | int-dirb +0.123 [+0.109, +0.138] | int-noise +0.090 [+0.076, +0.104] | ||dh||=4.648

== Sufficiency n=115911 | switch-to-target: hard=0.105 soft=0.046 teacher=0.027 (dirb teacher=0.014, matched teacher=0.017)
== Minimal counterfactual: mean=1.05 median=1.0 found=0.92 hist={1: 4357, 2: 210, 3: 15, 4: 0, 5: 0}
== Per-concept MWU (teacher int > dirb): p=0.426

== Per concept (primary strength) ==
  c  5 [None,None] n=  353 nec hard=0.17 teacher=0.02 (dirb 0.04, noise 0.04, matched 0.00 cov 0.01) suf teacher=0.20 clauses=2 actions=1
  c  7 [None,None] n=  522 nec hard=1.00 teacher=0.00 (dirb 0.02, noise 0.03, matched 0.11 cov 0.02) suf teacher=0.00 clauses=3 actions=1
  c 15 [None,None] n= 1262 nec hard=0.18 teacher=0.13 (dirb 0.12, noise 0.18, matched 0.00 cov 0.02) suf teacher=0.15 clauses=3 actions=1
  c 16 [None,None] n=   39 nec hard=0.00 teacher=0.13 (dirb 0.31, noise 0.49, matched 0.00 cov 0.03) suf teacher=0.00 clauses=1 actions=1
  c 34 [None,None] n=  804 nec hard=0.23 teacher=0.11 (dirb 0.01, noise 0.01, matched 0.05 cov 0.02) suf teacher=0.65 clauses=5 actions=1
  c 46 [None,None] n=  370 nec hard=0.02 teacher=0.05 (dirb 0.05, noise 0.09, matched 0.00 cov 0.04) suf teacher=0.24 clauses=2 actions=1
  c 55 [None,None] n=  564 nec hard=0.50 teacher=0.32 (dirb 0.06, noise 0.06, matched 0.12 cov 0.05) suf teacher=0.97 clauses=4 actions=1
  c 78 [None,None] n= 1201 nec hard=0.02 teacher=0.00 (dirb 0.17, noise 0.23, matched 0.00 cov 0.01) suf teacher=0.00 clauses=3 actions=1
  c 89 [None,None] n=  387 nec hard=0.05 teacher=0.00 (dirb 0.04, noise 0.04, matched 0.18 cov 0.03) suf teacher=0.01 clauses=4 actions=1
  c103 [None,None] n=   96 nec hard=0.01 teacher=0.27 (dirb 0.03, noise 0.08, matched 0.40 cov 0.05) suf teacher=0.01 clauses=1 actions=1
  c124 [None,None] n=  176 nec hard=0.68 teacher=0.69 (dirb 0.09, noise 0.14, matched 0.00 cov 0.03) suf teacher=0.03 clauses=1 actions=1
  c139 [None,None] n= 1679 nec hard=0.16 teacher=0.11 (dirb 0.11, noise 0.14, matched 0.20 cov 0.67) suf teacher=0.22 clauses=7 actions=2
  c181 [None,None] n=   16 nec hard=1.00 teacher=0.50 (dirb 0.00, noise 0.19, matched -- cov 0.00) suf teacher=0.00 clauses=1 actions=1
  c188 [None,None] n=  114 nec hard=0.00 teacher=0.22 (dirb 0.11, noise 0.17, matched 0.33 cov 0.03) suf teacher=0.03 clauses=1 actions=1
  c191 [None,None] n= 1252 nec hard=0.01 teacher=0.07 (dirb 0.09, noise 0.15, matched 0.00 cov 0.02) suf teacher=0.11 clauses=1 actions=1
  c195 [None,None] n=  788 nec hard=0.03 teacher=0.03 (dirb 0.01, noise 0.02, matched 0.00 cov 0.03) suf teacher=0.60 clauses=3 actions=1
  c202 [None,None] n=  121 nec hard=0.02 teacher=0.21 (dirb 0.21, noise 0.23, matched 0.40 cov 0.04) suf teacher=0.01 clauses=3 actions=1
  c206 [None,None] n=  507 nec hard=0.18 teacher=0.00 (dirb 0.03, noise 0.04, matched 0.05 cov 0.04) suf teacher=0.23 clauses=4 actions=1
  c212 [None,None] n=   46 nec hard=0.04 teacher=0.24 (dirb 0.09, noise 0.22, matched 1.00 cov 0.02) suf teacher=0.00 clauses=1 actions=1
  c221 [None,None] n=  850 nec hard=0.08 teacher=0.08 (dirb 0.04, noise 0.04, matched 0.00 cov 0.02) suf teacher=0.08 clauses=2 actions=1
  c233 [None,None] n=  824 nec hard=0.01 teacher=0.00 (dirb 0.04, noise 0.04, matched 0.00 cov 0.01) suf teacher=0.17 clauses=1 actions=1
  c260 [None,None] n= 1276 nec hard=0.18 teacher=0.24 (dirb 0.16, noise 0.26, matched 0.21 cov 1.00) suf teacher=0.01 clauses=3 actions=1
  c262 [None,None] n=  354 nec hard=0.05 teacher=0.03 (dirb 0.03, noise 0.03, matched 0.00 cov 0.00) suf teacher=0.01 clauses=2 actions=1
  c287 [None,None] n=  438 nec hard=0.01 teacher=0.11 (dirb 0.07, noise 0.07, matched 0.09 cov 0.03) suf teacher=0.01 clauses=3 actions=1
  c295 [None,None] n=  100 nec hard=0.05 teacher=0.20 (dirb 0.06, noise 0.09, matched 0.00 cov 0.03) suf teacher=0.00 clauses=1 actions=1
  c297 [None,None] n=  120 nec hard=0.00 teacher=0.02 (dirb 0.12, noise 0.13, matched 0.40 cov 0.04) suf teacher=0.00 clauses=1 actions=1
  c299 [None,None] n=  443 nec hard=0.09 teacher=0.07 (dirb 0.02, noise 0.02, matched 0.00 cov 0.03) suf teacher=0.21 clauses=3 actions=1
  c334 [None,None] n=  122 nec hard=0.03 teacher=0.00 (dirb 0.20, noise 0.15, matched 0.40 cov 0.04) suf teacher=0.00 clauses=2 actions=1
  c346 [None,None] n=  276 nec hard=0.08 teacher=0.00 (dirb 0.07, noise 0.08, matched 0.17 cov 0.02) suf teacher=0.00 clauses=1 actions=1
  c348 [None,None] n=  710 nec hard=0.11 teacher=0.03 (dirb 0.01, noise 0.01, matched 0.00 cov 0.02) suf teacher=0.63 clauses=3 actions=1
  c356 [None,None] n=  348 nec hard=0.18 teacher=0.02 (dirb 0.06, noise 0.06, matched 0.00 cov 0.02) suf teacher=0.00 clauses=2 actions=1
  c381 [None,None] n=  725 nec hard=0.01 teacher=0.00 (dirb 0.02, noise 0.02, matched 0.00 cov 0.01) suf teacher=0.05 clauses=1 actions=1
  c394 [None,None] n=  370 nec hard=0.17 teacher=0.02 (dirb 0.02, noise 0.02, matched 0.00 cov 0.04) suf teacher=0.54 clauses=3 actions=1
  c415 [None,None] n=  276 nec hard=0.01 teacher=0.14 (dirb 0.05, noise 0.04, matched 0.00 cov 0.04) suf teacher=0.01 clauses=1 actions=1
  c422 [None,None] n=  442 nec hard=0.15 teacher=0.02 (dirb 0.10, noise 0.14, matched 0.08 cov 0.03) suf teacher=0.00 clauses=1 actions=1
  c425 [None,None] n=   39 nec hard=1.00 teacher=0.18 (dirb 0.28, noise 0.44, matched -- cov 0.00) suf teacher=0.00 clauses=1 actions=1
  c429 [None,None] n=  171 nec hard=0.00 teacher=0.00 (dirb 0.07, noise 0.10, matched 0.14 cov 0.04) suf teacher=0.00 clauses=1 actions=1
  c430 [None,None] n=  506 nec hard=0.01 teacher=0.23 (dirb 0.01, noise 0.03, matched 0.00 cov 0.01) suf teacher=0.17 clauses=2 actions=1
  c435 [None,None] n=  783 nec hard=0.02 teacher=0.00 (dirb 0.02, noise 0.01, matched 0.00 cov 0.03) suf teacher=0.55 clauses=3 actions=1
  c450 [None,None] n=  518 nec hard=0.11 teacher=0.25 (dirb 0.02, noise 0.03, matched 0.00 cov 0.01) suf teacher=1.00 clauses=1 actions=1
  c474 [None,None] n=  925 nec hard=0.02 teacher=0.05 (dirb 0.05, noise 0.05, matched 0.07 cov 0.02) suf teacher=0.12 clauses=3 actions=1
  c492 [None,None] n=  274 nec hard=0.00 teacher=0.12 (dirb 0.05, noise 0.08, matched 0.10 cov 0.04) suf teacher=0.01 clauses=1 actions=1
  c496 [None,None] n=   46 nec hard=0.04 teacher=0.00 (dirb 0.13, noise 0.15, matched -- cov 0.00) suf teacher=0.00 clauses=1 actions=1

Saved to experiments/e1/results_boxing_42
