{
  "n_states": 25000,
  "n_clauses": 60,
  "n_distinct_clauses": 5,
  "n_false_clauses": 0,
  "n_true_clauses": 0,
  "fallback_action": 1,
  "fallback_rate": 0.06592,
  "teacher_vs_data": 0.99988,
  "teacher_raw_vs_data": 0.99988,
  "hard_fidelity": 0.97524,
  "soft_fidelity": 0.99568,
  "hard_z_equals_bool": 1.0,
  "zero_intervention_max_dh": 0.0,
  "concepts_in_rules": 6,
  "rule_concepts_dead": [],
  "rule_concepts_unflippable_on": [],
  "rule_concepts_unflippable_off": [],
  "strengths": [
    50.0,
    75.0,
    90.0,
    95.0,
    99.0
  ],
  "primary_strength": 50.0
}
Rows: 31420 | states without a winning literal clause: 319/5000
  strength q=50: suff. teacher->target int=0.543 dirb=0.094 noise=0.096 ||dh||=3.352 | concept nec teacher int=0.007 dirb=0.001 noise=0.000 ||dh||=3.059
  strength q=75: suff. teacher->target int=0.734 dirb=0.111 noise=0.116 ||dh||=4.864 | concept nec teacher int=0.007 dirb=0.001 noise=0.000 ||dh||=3.059
  strength q=90: suff. teacher->target int=0.884 dirb=0.125 noise=0.141 ||dh||=6.315 | concept nec teacher int=0.007 dirb=0.001 noise=0.000 ||dh||=3.059
  strength q=95: suff. teacher->target int=0.942 dirb=0.139 noise=0.156 ||dh||=7.181 | concept nec teacher int=0.007 dirb=0.001 noise=0.000 ||dh||=3.059
  strength q=99: suff. teacher->target int=0.990 dirb=0.158 noise=0.177 ||dh||=8.618 | concept nec teacher int=0.007 dirb=0.001 noise=0.000 ||dh||=3.059

Row sanity: {'RPCR': 1.0, 'flip_consistency_rule_vs_sae': 1.0, 'mean_neg_frac_before_clamp': 0.32215833366486313, 'rows_dropped_unflippable': 0}

Share of flips that turn a concept ON (only these depend on --strengths):
  necessity concept: 0.000
  necessity  clause: 0.000
  necessity  action: 0.000
  sufficiency       : 1.000

== Levels at primary strength q=50 (necessity; teacher change rate) ==
  concept n= 13160 | int=0.007 dirb=0.001 noise=0.000 | raw int=0.045 soft=0.001 hard=0.181 | ||dh|| int=3.059 dirb=2.903 noise=3.215
          coverage: mb_any=0.07 mb_rule=0.02 dirb=1.00 noise=1.00
          int - dirb  : +0.006 [+0.004, +0.007] n=13160 | int=0.007 vs dirb=0.001
          int - noise : +0.006 [+0.005, +0.008] n=13160 | int=0.007 vs noise=0.000
          int - mb_any: +0.001 [+0.000, +0.003] n=930 | int=0.001 vs mb_any=0.000 (paired subset only)
   clause n= 10866 | int=0.026 dirb=0.002 noise=0.000 | raw int=0.152 soft=0.212 hard=0.589 | ||dh|| int=3.317 dirb=4.833 noise=5.221
          coverage: mb_any=0.02 mb_rule=0.01 dirb=1.00 noise=1.00
          int - dirb  : +0.024 [+0.021, +0.028] n=10866 | int=0.026 vs dirb=0.002
          int - noise : +0.026 [+0.022, +0.029] n=10866 | int=0.026 vs noise=0.000
          int - mb_any: +0.009 [+0.000, +0.024] n=216 | int=0.009 vs mb_any=0.000 (paired subset only)
   action n=  4681 | int=0.047 dirb=0.002 noise=0.003 | raw int=0.164 soft=0.490 hard=0.510 | ||dh|| int=3.125 dirb=5.245 noise=5.536
          coverage: mb_any=0.00 mb_rule=0.01 dirb=1.00 noise=1.00
          int - dirb  : +0.045 [+0.038, +0.051] n=4681 | int=0.047 vs dirb=0.002
          int - noise : +0.044 [+0.038, +0.050] n=4681 | int=0.047 vs noise=0.003
          int - mb_any: +0.217 [+0.080, +0.368] n=23 | int=0.217 vs mb_any=0.000 (paired subset only)

== Strength curve (teacher change rate; int - dirb with 95% CI) ==
  concept q=  50 | int=0.007 dirb=0.001 noise=0.000 | int-dirb +0.006 [+0.004, +0.007] | int-noise +0.006 [+0.005, +0.008] | ||dh||=3.059
  concept q=  75 | int=0.007 dirb=0.001 noise=0.000 | int-dirb +0.006 [+0.004, +0.007] | int-noise +0.006 [+0.005, +0.008] | ||dh||=3.059
  concept q=  90 | int=0.007 dirb=0.001 noise=0.000 | int-dirb +0.006 [+0.004, +0.007] | int-noise +0.006 [+0.005, +0.008] | ||dh||=3.059
  concept q=  95 | int=0.007 dirb=0.001 noise=0.000 | int-dirb +0.006 [+0.004, +0.007] | int-noise +0.006 [+0.005, +0.008] | ||dh||=3.059
  concept q=  99 | int=0.007 dirb=0.001 noise=0.000 | int-dirb +0.006 [+0.004, +0.007] | int-noise +0.006 [+0.005, +0.008] | ||dh||=3.059
   clause q=  50 | int=0.026 dirb=0.002 noise=0.000 | int-dirb +0.024 [+0.021, +0.028] | int-noise +0.026 [+0.022, +0.029] | ||dh||=3.317
   clause q=  75 | int=0.026 dirb=0.002 noise=0.000 | int-dirb +0.024 [+0.021, +0.028] | int-noise +0.026 [+0.022, +0.029] | ||dh||=3.317
   clause q=  90 | int=0.026 dirb=0.002 noise=0.000 | int-dirb +0.024 [+0.021, +0.028] | int-noise +0.026 [+0.022, +0.029] | ||dh||=3.317
   clause q=  95 | int=0.026 dirb=0.002 noise=0.000 | int-dirb +0.024 [+0.021, +0.028] | int-noise +0.026 [+0.022, +0.029] | ||dh||=3.317
   clause q=  99 | int=0.026 dirb=0.002 noise=0.000 | int-dirb +0.024 [+0.021, +0.028] | int-noise +0.026 [+0.022, +0.029] | ||dh||=3.317
   action q=  50 | int=0.047 dirb=0.002 noise=0.003 | int-dirb +0.045 [+0.038, +0.051] | int-noise +0.044 [+0.038, +0.050] | ||dh||=3.125
   action q=  75 | int=0.047 dirb=0.002 noise=0.003 | int-dirb +0.045 [+0.038, +0.051] | int-noise +0.044 [+0.038, +0.050] | ||dh||=3.125
   action q=  90 | int=0.047 dirb=0.002 noise=0.003 | int-dirb +0.045 [+0.038, +0.051] | int-noise +0.044 [+0.038, +0.050] | ||dh||=3.125
   action q=  95 | int=0.047 dirb=0.002 noise=0.003 | int-dirb +0.045 [+0.038, +0.051] | int-noise +0.044 [+0.038, +0.050] | ||dh||=3.125
   action q=  99 | int=0.047 dirb=0.002 noise=0.003 | int-dirb +0.045 [+0.038, +0.051] | int-noise +0.044 [+0.038, +0.050] | ||dh||=3.125

== Sufficiency n=2713 | switch-to-target: hard=0.200 soft=0.102 teacher=0.543 (dirb teacher=0.094, matched teacher=0.194)
== Minimal counterfactual: mean=2.68 median=3.0 found=0.57 hist={1: 446, 2: 6, 3: 2379, 4: 0, 5: 0}
== Per-concept MWU (teacher int > dirb): p=0.328

== Per concept (primary strength) ==
  c 60 [G1,pole_angle] n= 2387 nec hard=1.00 teacher=0.03 (dirb 0.00, noise 0.00, matched 0.00 cov 0.07) suf teacher=0.54 clauses=3 actions=1
  c 76 [U,pole_angle] n= 2157 nec hard=0.00 teacher=0.00 (dirb 0.00, noise 0.00, matched 0.00 cov 0.08) suf teacher=-- clauses=2 actions=1
  c184 [G1,pole_angle] n= 2169 nec hard=0.00 teacher=0.00 (dirb 0.00, noise 0.00, matched 0.00 cov 0.06) suf teacher=1.00 clauses=1 actions=1
  c225 [U,pole_angle] n= 1859 nec hard=0.00 teacher=0.00 (dirb 0.00, noise 0.00, matched 0.00 cov 0.07) suf teacher=-- clauses=1 actions=1
  c466 [U,pole_angle] n= 2294 nec hard=0.00 teacher=0.00 (dirb 0.00, noise 0.00, matched 0.00 cov 0.07) suf teacher=1.00 clauses=2 actions=1
  c492 [G1,pole_angle] n= 2294 nec hard=0.00 teacher=0.00 (dirb 0.00, noise 0.00, matched 0.00 cov 0.07) suf teacher=-- clauses=2 actions=1

Saved to experiments/e1/results_cartpole_v2
