MiniGrid observation shape: (3, 7, 7), using 3 input channels
{
  "n_states": 25160,
  "n_clauses": 120,
  "n_distinct_clauses": 9,
  "n_false_clauses": 0,
  "n_true_clauses": 40,
  "fallback_action": 2,
  "fallback_rate": 0.0,
  "teacher_vs_data": 1.0,
  "teacher_raw_vs_data": 1.0,
  "hard_fidelity": 0.9953100158982512,
  "soft_fidelity": 0.9999602543720191,
  "hard_z_equals_bool": 1.0,
  "zero_intervention_max_dh": 0.0,
  "concepts_in_rules": 8,
  "rule_concepts_dead": [],
  "rule_concepts_unflippable_on": [],
  "rule_concepts_unflippable_off": [],
  "strengths": [
    50.0,
    75.0,
    90.0,
    95.0,
    99.0
  ],
  "primary_strength": 50.0
}
Rows: 24603 | states without a winning literal clause: 2699/5000
  strength q=50: suff. teacher->target int=0.004 dirb=0.002 noise=0.002 ||dh||=0.722 | concept nec teacher int=0.047 dirb=0.027 noise=0.026 ||dh||=0.947
  strength q=75: suff. teacher->target int=0.014 dirb=0.004 noise=0.004 ||dh||=0.958 | concept nec teacher int=0.047 dirb=0.027 noise=0.026 ||dh||=0.947
  strength q=90: suff. teacher->target int=0.025 dirb=0.005 noise=0.005 ||dh||=1.078 | concept nec teacher int=0.047 dirb=0.027 noise=0.026 ||dh||=0.947
  strength q=95: suff. teacher->target int=0.025 dirb=0.006 noise=0.005 ||dh||=1.127 | concept nec teacher int=0.047 dirb=0.027 noise=0.026 ||dh||=0.947
  strength q=99: suff. teacher->target int=0.025 dirb=0.006 noise=0.006 ||dh||=1.169 | concept nec teacher int=0.047 dirb=0.027 noise=0.026 ||dh||=0.947

Row sanity: {'RPCR': 1.0, 'flip_consistency_rule_vs_sae': 1.0, 'mean_neg_frac_before_clamp': 0.3342265805999268, 'rows_dropped_unflippable': 0}

Share of flips that turn a concept ON (only these depend on --strengths):
  necessity concept: 0.000
  necessity  clause: 0.000
  necessity  action: 0.000
  sufficiency       : 1.000

== Levels at primary strength q=50 (necessity; teacher change rate) ==
  concept n=  4600 | int=0.047 dirb=0.027 noise=0.026 | raw int=0.042 soft=0.587 hard=0.704 | ||dh|| int=0.947 dirb=0.815 noise=0.817
          coverage: mb_any=0.26 mb_rule=0.16 dirb=1.00 noise=1.00
          int - dirb  : +0.020 [+0.014, +0.025] n=4600 | int=0.047 vs dirb=0.027
          int - noise : +0.021 [+0.015, +0.027] n=4600 | int=0.047 vs noise=0.026
          int - mb_any: +0.008 [+0.003, +0.014] n=1180 | int=0.014 vs mb_any=0.005 (paired subset only)
   clause n=  4044 | int=0.069 dirb=0.040 noise=0.038 | raw int=0.067 soft=1.000 hard=1.000 | ||dh|| int=0.940 dirb=0.980 noise=0.972
          coverage: mb_any=0.15 mb_rule=0.09 dirb=1.00 noise=1.00
          int - dirb  : +0.029 [+0.022, +0.037] n=4044 | int=0.069 vs dirb=0.040
          int - noise : +0.031 [+0.023, +0.039] n=4044 | int=0.069 vs noise=0.038
          int - mb_any: +0.002 [-0.003, +0.008] n=603 | int=0.010 vs mb_any=0.008 (paired subset only)
   action n=  2301 | int=0.079 dirb=0.045 noise=0.045 | raw int=0.079 soft=1.000 hard=1.000 | ||dh|| int=1.007 dirb=1.157 noise=1.158
          coverage: mb_any=0.08 mb_rule=0.00 dirb=1.00 noise=1.00
          int - dirb  : +0.034 [+0.023, +0.045] n=2301 | int=0.079 vs dirb=0.045
          int - noise : +0.034 [+0.023, +0.044] n=2301 | int=0.079 vs noise=0.045
          int - mb_any: +0.006 [+0.000, +0.017] n=176 | int=0.011 vs mb_any=0.006 (paired subset only)

== Strength curve (teacher change rate; int - dirb with 95% CI) ==
  concept q=  50 | int=0.047 dirb=0.027 noise=0.026 | int-dirb +0.020 [+0.014, +0.025] | int-noise +0.021 [+0.015, +0.027] | ||dh||=0.947
  concept q=  75 | int=0.047 dirb=0.027 noise=0.026 | int-dirb +0.020 [+0.014, +0.025] | int-noise +0.021 [+0.015, +0.027] | ||dh||=0.947
  concept q=  90 | int=0.047 dirb=0.027 noise=0.026 | int-dirb +0.020 [+0.014, +0.025] | int-noise +0.021 [+0.015, +0.027] | ||dh||=0.947
  concept q=  95 | int=0.047 dirb=0.027 noise=0.026 | int-dirb +0.020 [+0.014, +0.025] | int-noise +0.021 [+0.015, +0.027] | ||dh||=0.947
  concept q=  99 | int=0.047 dirb=0.027 noise=0.026 | int-dirb +0.020 [+0.014, +0.025] | int-noise +0.021 [+0.015, +0.027] | ||dh||=0.947
   clause q=  50 | int=0.069 dirb=0.040 noise=0.038 | int-dirb +0.029 [+0.022, +0.037] | int-noise +0.031 [+0.023, +0.039] | ||dh||=0.940
   clause q=  75 | int=0.069 dirb=0.040 noise=0.038 | int-dirb +0.029 [+0.022, +0.037] | int-noise +0.031 [+0.023, +0.039] | ||dh||=0.940
   clause q=  90 | int=0.069 dirb=0.040 noise=0.038 | int-dirb +0.029 [+0.022, +0.037] | int-noise +0.031 [+0.023, +0.039] | ||dh||=0.940
   clause q=  95 | int=0.069 dirb=0.040 noise=0.038 | int-dirb +0.029 [+0.022, +0.037] | int-noise +0.031 [+0.023, +0.039] | ||dh||=0.940
   clause q=  99 | int=0.069 dirb=0.040 noise=0.038 | int-dirb +0.029 [+0.022, +0.037] | int-noise +0.031 [+0.023, +0.039] | ||dh||=0.940
   action q=  50 | int=0.079 dirb=0.045 noise=0.045 | int-dirb +0.034 [+0.023, +0.045] | int-noise +0.034 [+0.023, +0.044] | ||dh||=1.007
   action q=  75 | int=0.079 dirb=0.045 noise=0.045 | int-dirb +0.034 [+0.023, +0.045] | int-noise +0.034 [+0.023, +0.044] | ||dh||=1.007
   action q=  90 | int=0.079 dirb=0.045 noise=0.045 | int-dirb +0.034 [+0.023, +0.045] | int-noise +0.034 [+0.023, +0.044] | ||dh||=1.007
   action q=  95 | int=0.079 dirb=0.045 noise=0.045 | int-dirb +0.034 [+0.023, +0.045] | int-noise +0.034 [+0.023, +0.044] | ||dh||=1.007
   action q=  99 | int=0.079 dirb=0.045 noise=0.045 | int-dirb +0.034 [+0.023, +0.045] | int-noise +0.034 [+0.023, +0.044] | ||dh||=1.007

== Sufficiency n=13658 | switch-to-target: hard=0.398 soft=0.394 teacher=0.004 (dirb teacher=0.002, matched teacher=0.002)
== Minimal counterfactual: mean=1.33 median=1.0 found=0.81 hist={1: 2702, 2: 1323, 3: 0, 4: 0, 5: 0}
== Per-concept MWU (teacher int > dirb): p=0.477

== Per concept (primary strength) ==
  c 12 [U,agent_dir] n=  556 nec hard=1.00 teacher=0.00 (dirb 0.02, noise 0.02, matched 0.01 cov 0.22) suf teacher=0.01 clauses=1 actions=1
  c 60 [G1,key_in_front] n=  387 nec hard=1.00 teacher=0.00 (dirb 0.00, noise 0.00, matched 0.00 cov 0.27) suf teacher=0.00 clauses=2 actions=1
  c 64 [G1,key_in_front] n=  387 nec hard=0.00 teacher=0.00 (dirb 0.00, noise 0.00, matched 0.00 cov 0.30) suf teacher=-- clauses=1 actions=1
  c124 [G1,wall_ahead] n=  975 nec hard=0.00 teacher=0.09 (dirb 0.05, noise 0.05, matched 0.02 cov 0.24) suf teacher=1.00 clauses=1 actions=1
  c129 [U,door_in_front] n=  381 nec hard=1.00 teacher=0.00 (dirb 0.00, noise 0.00, matched 0.00 cov 0.29) suf teacher=0.00 clauses=2 actions=1
  c170 [G1,wall_ahead] n=  977 nec hard=1.00 teacher=0.10 (dirb 0.06, noise 0.05, matched 0.00 cov 0.28) suf teacher=0.01 clauses=2 actions=1
  c262 [U,door_in_front] n=  381 nec hard=1.00 teacher=0.00 (dirb 0.00, noise 0.00, matched 0.00 cov 0.26) suf teacher=-- clauses=1 actions=1
  c274 [G2c,key_in_front] n=  556 nec hard=1.00 teacher=0.05 (dirb 0.02, noise 0.02, matched 0.00 cov 0.22) suf teacher=0.45 clauses=1 actions=1

Saved to experiments/e1/results_doorkey_v3
