MiniGrid observation shape: (3, 7, 7), using 3 input channels
{
  "n_states": 24403,
  "n_clauses": 30,
  "n_distinct_clauses": 3,
  "n_false_clauses": 0,
  "n_true_clauses": 0,
  "fallback_action": 2,
  "fallback_rate": 0.0,
  "teacher_vs_data": 1.0,
  "teacher_raw_vs_data": 1.0,
  "hard_fidelity": 1.0,
  "soft_fidelity": 1.0,
  "hard_z_equals_bool": 1.0,
  "zero_intervention_max_dh": 0.0,
  "concepts_in_rules": 4,
  "rule_concepts_dead": [],
  "rule_concepts_unflippable_on": [],
  "rule_concepts_unflippable_off": []
}
Rows: 23292 | states without a winning literal clause: 0/5000

== Levels (necessity; change rate) ==
  concept n=  6646 | teacher int=0.030 matched=0.002 rule-matched=nan noise=0.002 | raw int=0.030 | soft int=0.179 | hard int=0.675 | ||dh||=0.059 vs noise 0.057
          teacher int-mb_any: +0.029 [+0.024, +0.035]
          teacher int-noise: +0.028 [+0.024, +0.032]
   clause n=  5000 | teacher int=0.040 matched=0.012 rule-matched=nan noise=0.007 | raw int=0.040 | soft int=0.567 | hard int=0.567 | ||dh||=0.065 vs noise 0.065
          teacher int-mb_any: +0.035 [+0.026, +0.044]
          teacher int-noise: +0.033 [+0.028, +0.039]
   action n=  5000 | teacher int=0.040 matched=0.014 rule-matched=nan noise=0.005 | raw int=0.040 | soft int=0.567 | hard int=0.567 | ||dh||=0.065 vs noise 0.065
          teacher int-mb_any: +0.031 [+0.021, +0.039]
          teacher int-noise: +0.035 [+0.029, +0.040]

== Sufficiency n=6646 | switch-to-target: hard=0.573 soft=0.838 teacher=0.000 (matched teacher=0.020)
== Minimal counterfactual: mean=1.00 median=1.0 found=0.76 hist={1: 3809, 2: 0, 3: 0, 4: 0, 5: 0}
== Per-concept MWU (teacher int > matched): p=0.5

== Per concept ==
  c 32 [G1,agent_dir] n= 1646 nec hard=1.00 teacher=0.00 (base 0.00, noise 0.00) suf teacher=nan clauses=1 actions=1
  c 49 [G2,obstacle_left] n= 1191 nec hard=1.00 teacher=0.17 (base 0.01, noise 0.01) suf teacher=0.00 clauses=1 actions=1
  c133 [G1,agent_dir] n= 1646 nec hard=1.00 teacher=0.00 (base 0.00, noise 0.00) suf teacher=nan clauses=1 actions=1
  c146 [U,obstacle_ahead] n= 2163 nec hard=0.00 teacher=0.00 (base 0.00, noise 0.00) suf teacher=0.00 clauses=1 actions=1

Saved to experiments/e1/results_dyobs_v2
