MiniGrid observation shape: (3, 7, 7), using 3 input channels
{
  "n_states": 24403,
  "n_clauses": 30,
  "n_distinct_clauses": 3,
  "n_false_clauses": 0,
  "n_true_clauses": 0,
  "fallback_action": 2,
  "fallback_rate": 0.0,
  "teacher_vs_data": 1.0,
  "teacher_raw_vs_data": 1.0,
  "hard_fidelity": 1.0,
  "soft_fidelity": 1.0,
  "hard_z_equals_bool": 1.0,
  "zero_intervention_max_dh": 0.0,
  "concepts_in_rules": 4,
  "rule_concepts_dead": [],
  "rule_concepts_unflippable_on": [],
  "rule_concepts_unflippable_off": [],
  "strengths": [
    50.0,
    75.0,
    90.0,
    95.0,
    99.0
  ],
  "primary_strength": 50.0
}
Rows: 23292 | states without a winning literal clause: 0/5000
  strength q=50: suff. teacher->target int=0.000 dirb=0.011 noise=0.002 ||dh||=0.062 | concept nec teacher int=0.030 dirb=0.011 noise=0.002 ||dh||=0.059
  strength q=75: suff. teacher->target int=0.011 dirb=0.017 noise=0.003 ||dh||=0.068 | concept nec teacher int=0.030 dirb=0.011 noise=0.002 ||dh||=0.059
  strength q=90: suff. teacher->target int=0.011 dirb=0.029 noise=0.008 ||dh||=0.080 | concept nec teacher int=0.030 dirb=0.011 noise=0.002 ||dh||=0.059
  strength q=95: suff. teacher->target int=0.011 dirb=0.031 noise=0.010 ||dh||=0.087 | concept nec teacher int=0.030 dirb=0.011 noise=0.002 ||dh||=0.059
  strength q=99: suff. teacher->target int=0.011 dirb=0.033 noise=0.015 ||dh||=0.093 | concept nec teacher int=0.030 dirb=0.011 noise=0.002 ||dh||=0.059

Row sanity: {'RPCR': 1.0, 'flip_consistency_rule_vs_sae': 1.0, 'mean_neg_frac_before_clamp': 0.3665136500729864, 'rows_dropped_unflippable': 0}

Share of flips that turn a concept ON (only these depend on --strengths):
  necessity concept: 0.000
  necessity  clause: 0.000
  necessity  action: 0.000
  sufficiency       : 1.000

== Levels at primary strength q=50 (necessity; teacher change rate) ==
  concept n=  6646 | int=0.030 dirb=0.011 noise=0.002 | raw int=0.030 soft=0.179 hard=0.675 | ||dh|| int=0.059 dirb=0.058 noise=0.057
          coverage: mb_any=0.61 mb_rule=0.00 dirb=1.00 noise=1.00
          int - dirb  : +0.019 [+0.014, +0.024] n=6646 | int=0.030 vs dirb=0.011
          int - noise : +0.028 [+0.023, +0.032] n=6646 | int=0.030 vs noise=0.002
          int - mb_any: +0.030 [+0.025, +0.036] n=4029 | int=0.032 vs mb_any=0.001 (paired subset only)
   clause n=  5000 | int=0.040 dirb=0.016 noise=0.006 | raw int=0.040 soft=0.567 hard=0.567 | ||dh|| int=0.065 dirb=0.067 noise=0.066
          coverage: mb_any=0.51 mb_rule=0.00 dirb=1.00 noise=1.00
          int - dirb  : +0.023 [+0.017, +0.029] n=5000 | int=0.040 vs dirb=0.016
          int - noise : +0.034 [+0.028, +0.040] n=5000 | int=0.040 vs noise=0.006
          int - mb_any: +0.033 [+0.024, +0.042] n=2554 | int=0.044 vs mb_any=0.011 (paired subset only)
   action n=  5000 | int=0.040 dirb=0.014 noise=0.004 | raw int=0.040 soft=0.567 hard=0.567 | ||dh|| int=0.065 dirb=0.066 noise=0.066
          coverage: mb_any=0.52 mb_rule=0.00 dirb=1.00 noise=1.00
          int - dirb  : +0.025 [+0.020, +0.031] n=5000 | int=0.040 vs dirb=0.014
          int - noise : +0.036 [+0.030, +0.041] n=5000 | int=0.040 vs noise=0.004
          int - mb_any: +0.039 [+0.030, +0.048] n=2619 | int=0.047 vs mb_any=0.008 (paired subset only)

== Strength curve (teacher change rate; int - dirb with 95% CI) ==
  concept q=  50 | int=0.030 dirb=0.011 noise=0.002 | int-dirb +0.019 [+0.014, +0.024] | int-noise +0.028 [+0.023, +0.032] | ||dh||=0.059
  concept q=  75 | int=0.030 dirb=0.011 noise=0.002 | int-dirb +0.019 [+0.014, +0.024] | int-noise +0.028 [+0.023, +0.032] | ||dh||=0.059
  concept q=  90 | int=0.030 dirb=0.011 noise=0.002 | int-dirb +0.019 [+0.014, +0.024] | int-noise +0.028 [+0.023, +0.032] | ||dh||=0.059
  concept q=  95 | int=0.030 dirb=0.011 noise=0.002 | int-dirb +0.019 [+0.014, +0.024] | int-noise +0.028 [+0.023, +0.032] | ||dh||=0.059
  concept q=  99 | int=0.030 dirb=0.011 noise=0.002 | int-dirb +0.019 [+0.014, +0.024] | int-noise +0.028 [+0.023, +0.032] | ||dh||=0.059
   clause q=  50 | int=0.040 dirb=0.016 noise=0.006 | int-dirb +0.023 [+0.017, +0.029] | int-noise +0.034 [+0.028, +0.040] | ||dh||=0.065
   clause q=  75 | int=0.040 dirb=0.016 noise=0.006 | int-dirb +0.023 [+0.017, +0.029] | int-noise +0.034 [+0.028, +0.040] | ||dh||=0.065
   clause q=  90 | int=0.040 dirb=0.016 noise=0.006 | int-dirb +0.023 [+0.017, +0.029] | int-noise +0.034 [+0.028, +0.040] | ||dh||=0.065
   clause q=  95 | int=0.040 dirb=0.016 noise=0.006 | int-dirb +0.023 [+0.017, +0.029] | int-noise +0.034 [+0.028, +0.040] | ||dh||=0.065
   clause q=  99 | int=0.040 dirb=0.016 noise=0.006 | int-dirb +0.023 [+0.017, +0.029] | int-noise +0.034 [+0.028, +0.040] | ||dh||=0.065
   action q=  50 | int=0.040 dirb=0.014 noise=0.004 | int-dirb +0.025 [+0.020, +0.031] | int-noise +0.036 [+0.030, +0.041] | ||dh||=0.065
   action q=  75 | int=0.040 dirb=0.014 noise=0.004 | int-dirb +0.025 [+0.020, +0.031] | int-noise +0.036 [+0.030, +0.041] | ||dh||=0.065
   action q=  90 | int=0.040 dirb=0.014 noise=0.004 | int-dirb +0.025 [+0.020, +0.031] | int-noise +0.036 [+0.030, +0.041] | ||dh||=0.065
   action q=  95 | int=0.040 dirb=0.014 noise=0.004 | int-dirb +0.025 [+0.020, +0.031] | int-noise +0.036 [+0.030, +0.041] | ||dh||=0.065
   action q=  99 | int=0.040 dirb=0.014 noise=0.004 | int-dirb +0.025 [+0.020, +0.031] | int-noise +0.036 [+0.030, +0.041] | ||dh||=0.065

== Sufficiency n=6646 | switch-to-target: hard=0.573 soft=0.838 teacher=0.000 (dirb teacher=0.011, matched teacher=0.019)
== Minimal counterfactual: mean=1.00 median=1.0 found=0.76 hist={1: 3809, 2: 0, 3: 0, 4: 0, 5: 0}
== Per-concept MWU (teacher int > dirb): p=0.908

== Per concept (primary strength) ==
  c 32 [G1,agent_dir] n= 1646 nec hard=1.00 teacher=0.00 (dirb 0.00, noise 0.00, matched 0.00 cov 0.62) suf teacher=-- clauses=1 actions=1
  c 49 [G2,obstacle_left] n= 1191 nec hard=1.00 teacher=0.17 (dirb 0.03, noise 0.01, matched 0.01 cov 0.59) suf teacher=0.00 clauses=1 actions=1
  c133 [G1,agent_dir] n= 1646 nec hard=1.00 teacher=0.00 (dirb 0.01, noise 0.00, matched 0.00 cov 0.60) suf teacher=-- clauses=1 actions=1
  c146 [U,obstacle_ahead] n= 2163 nec hard=0.00 teacher=0.00 (dirb 0.01, noise 0.00, matched 0.00 cov 0.61) suf teacher=0.00 clauses=1 actions=1

Saved to experiments/e1/results_dyobs_v3
