MiniGrid observation shape: (3, 7, 7), using 3 input channels
{
  "n_states": 25160,
  "n_clauses": 120,
  "n_distinct_clauses": 9,
  "n_false_clauses": 0,
  "n_true_clauses": 40,
  "fallback_action": 2,
  "fallback_rate": 0.0,
  "teacher_vs_data": 1.0,
  "teacher_raw_vs_data": 1.0,
  "hard_fidelity": 0.9947933227344992,
  "soft_fidelity": 0.9999205087440382,
  "hard_z_equals_bool": 1.0,
  "zero_intervention_max_dh": 0.0,
  "concepts_in_rules": 9,
  "rule_concepts_dead": [],
  "rule_concepts_unflippable_on": [],
  "rule_concepts_unflippable_off": [],
  "strengths": [
    50.0,
    75.0,
    90.0,
    95.0,
    99.0
  ],
  "primary_strength": 50.0
}
Rows: 22588 | states without a winning literal clause: 2705/5000
  strength q=50: suff. teacher->target int=0.034 dirb=0.007 noise=0.008 ||dh||=1.046 | concept nec teacher int=0.061 dirb=0.029 noise=0.031 ||dh||=0.885
  strength q=75: suff. teacher->target int=0.121 dirb=0.017 noise=0.015 ||dh||=1.606 | concept nec teacher int=0.061 dirb=0.029 noise=0.031 ||dh||=0.885
  strength q=90: suff. teacher->target int=0.129 dirb=0.018 noise=0.017 ||dh||=1.717 | concept nec teacher int=0.061 dirb=0.029 noise=0.031 ||dh||=0.885
  strength q=95: suff. teacher->target int=0.129 dirb=0.018 noise=0.017 ||dh||=1.763 | concept nec teacher int=0.061 dirb=0.029 noise=0.031 ||dh||=0.885
  strength q=99: suff. teacher->target int=0.129 dirb=0.018 noise=0.018 ||dh||=1.844 | concept nec teacher int=0.061 dirb=0.029 noise=0.031 ||dh||=0.885

Row sanity: {'RPCR': 1.0, 'flip_consistency_rule_vs_sae': 1.0, 'mean_neg_frac_before_clamp': 0.34301087690366566, 'rows_dropped_unflippable': 0}

Share of flips that turn a concept ON (only these depend on --strengths):
  necessity concept: 0.000
  necessity  clause: 0.000
  necessity  action: 0.000
  sufficiency       : 1.000

== Levels at primary strength q=50 (necessity; teacher change rate) ==
  concept n=  5565 | int=0.061 dirb=0.029 noise=0.031 | raw int=0.064 soft=0.556 hard=0.650 | ||dh|| int=0.885 dirb=0.759 noise=0.774
          coverage: mb_any=0.27 mb_rule=0.52 dirb=1.00 noise=1.00
          int - dirb  : +0.032 [+0.026, +0.038] n=5565 | int=0.061 vs dirb=0.029
          int - noise : +0.030 [+0.025, +0.035] n=5565 | int=0.061 vs noise=0.031
          int - mb_any: +0.035 [+0.024, +0.045] n=1501 | int=0.047 vs mb_any=0.013 (paired subset only)
   clause n=  4632 | int=0.129 dirb=0.048 noise=0.053 | raw int=0.123 soft=1.000 hard=1.000 | ||dh|| int=1.282 dirb=1.179 noise=1.198
          coverage: mb_any=0.14 mb_rule=0.10 dirb=1.00 noise=1.00
          int - dirb  : +0.081 [+0.070, +0.091] n=4632 | int=0.129 vs dirb=0.048
          int - noise : +0.075 [+0.065, +0.086] n=4632 | int=0.129 vs noise=0.053
          int - mb_any: +0.091 [+0.068, +0.115] n=629 | int=0.095 vs mb_any=0.005 (paired subset only)
   action n=  2295 | int=0.136 dirb=0.047 noise=0.052 | raw int=0.130 soft=1.000 hard=1.000 | ||dh|| int=1.142 dirb=1.230 noise=1.269
          coverage: mb_any=0.05 mb_rule=0.00 dirb=1.00 noise=1.00
          int - dirb  : +0.089 [+0.076, +0.104] n=2295 | int=0.136 vs dirb=0.047
          int - noise : +0.084 [+0.070, +0.097] n=2295 | int=0.136 vs noise=0.052
          int - mb_any: +0.019 [-0.019, +0.056] n=108 | int=0.028 vs mb_any=0.009 (paired subset only)

== Strength curve (teacher change rate; int - dirb with 95% CI) ==
  concept q=  50 | int=0.061 dirb=0.029 noise=0.031 | int-dirb +0.032 [+0.026, +0.038] | int-noise +0.030 [+0.025, +0.035] | ||dh||=0.885
  concept q=  75 | int=0.061 dirb=0.029 noise=0.031 | int-dirb +0.032 [+0.026, +0.038] | int-noise +0.030 [+0.025, +0.035] | ||dh||=0.885
  concept q=  90 | int=0.061 dirb=0.029 noise=0.031 | int-dirb +0.032 [+0.026, +0.038] | int-noise +0.030 [+0.025, +0.035] | ||dh||=0.885
  concept q=  95 | int=0.061 dirb=0.029 noise=0.031 | int-dirb +0.032 [+0.026, +0.038] | int-noise +0.030 [+0.025, +0.035] | ||dh||=0.885
  concept q=  99 | int=0.061 dirb=0.029 noise=0.031 | int-dirb +0.032 [+0.026, +0.038] | int-noise +0.030 [+0.025, +0.035] | ||dh||=0.885
   clause q=  50 | int=0.129 dirb=0.048 noise=0.053 | int-dirb +0.081 [+0.070, +0.091] | int-noise +0.075 [+0.065, +0.086] | ||dh||=1.282
   clause q=  75 | int=0.129 dirb=0.048 noise=0.053 | int-dirb +0.081 [+0.070, +0.091] | int-noise +0.075 [+0.065, +0.086] | ||dh||=1.282
   clause q=  90 | int=0.129 dirb=0.048 noise=0.053 | int-dirb +0.081 [+0.070, +0.091] | int-noise +0.075 [+0.065, +0.086] | ||dh||=1.282
   clause q=  95 | int=0.129 dirb=0.048 noise=0.053 | int-dirb +0.081 [+0.070, +0.091] | int-noise +0.075 [+0.065, +0.086] | ||dh||=1.282
   clause q=  99 | int=0.129 dirb=0.048 noise=0.053 | int-dirb +0.081 [+0.070, +0.091] | int-noise +0.075 [+0.065, +0.086] | ||dh||=1.282
   action q=  50 | int=0.136 dirb=0.047 noise=0.052 | int-dirb +0.089 [+0.076, +0.104] | int-noise +0.084 [+0.070, +0.097] | ||dh||=1.142
   action q=  75 | int=0.136 dirb=0.047 noise=0.052 | int-dirb +0.089 [+0.076, +0.104] | int-noise +0.084 [+0.070, +0.097] | ||dh||=1.142
   action q=  90 | int=0.136 dirb=0.047 noise=0.052 | int-dirb +0.089 [+0.076, +0.104] | int-noise +0.084 [+0.070, +0.097] | ||dh||=1.142
   action q=  95 | int=0.136 dirb=0.047 noise=0.052 | int-dirb +0.089 [+0.076, +0.104] | int-noise +0.084 [+0.070, +0.097] | ||dh||=1.142
   action q=  99 | int=0.136 dirb=0.047 noise=0.052 | int-dirb +0.089 [+0.076, +0.104] | int-noise +0.084 [+0.070, +0.097] | ||dh||=1.142

== Sufficiency n=10096 | switch-to-target: hard=0.276 soft=0.273 teacher=0.034 (dirb teacher=0.007, matched teacher=0.005)
== Minimal counterfactual: mean=1.26 median=1.0 found=0.73 hist={1: 2705, 2: 933, 3: 0, 4: 0, 5: 0}
== Per-concept MWU (teacher int > dirb): p=0.736

== Per concept (primary strength) ==
  c 12 [U,agent_dir] n=  552 nec hard=1.00 teacher=0.00 (dirb 0.02, noise 0.01, matched 0.01 cov 0.26) suf teacher=0.00 clauses=1 actions=1
  c 60 [G1,key_in_front] n=  387 nec hard=1.00 teacher=0.00 (dirb 0.00, noise 0.00, matched 0.00 cov 0.26) suf teacher=0.00 clauses=2 actions=1
  c 64 [G1,key_in_front] n=  387 nec hard=1.00 teacher=0.00 (dirb 0.00, noise 0.00, matched 0.00 cov 0.30) suf teacher=-- clauses=1 actions=1
  c 65 [G1,wall_ahead] n=  975 nec hard=0.00 teacher=0.00 (dirb 0.03, noise 0.04, matched 0.01 cov 0.26) suf teacher=-- clauses=1 actions=1
  c129 [U,door_in_front] n=  381 nec hard=1.00 teacher=0.00 (dirb 0.00, noise 0.00, matched 0.00 cov 0.25) suf teacher=-- clauses=1 actions=1
  c170 [G1,wall_ahead] n=  975 nec hard=1.00 teacher=0.24 (dirb 0.06, noise 0.07, matched 0.03 cov 0.28) suf teacher=0.07 clauses=3 actions=1
  c262 [U,door_in_front] n=  381 nec hard=1.00 teacher=0.00 (dirb 0.00, noise 0.00, matched 0.00 cov 0.30) suf teacher=0.00 clauses=1 actions=1
  c274 [G2,key_in_front] n=  552 nec hard=1.00 teacher=0.02 (dirb 0.05, noise 0.03, matched 0.01 cov 0.24) suf teacher=0.58 clauses=1 actions=1
  c290 [G2,wall_ahead] n=  975 nec hard=0.00 teacher=0.10 (dirb 0.03, noise 0.04, matched 0.03 cov 0.28) suf teacher=-- clauses=1 actions=1

Saved to experiments/e1/results_doorkey2
