{
  "n_states": 25000,
  "n_clauses": 40,
  "n_distinct_clauses": 13,
  "n_false_clauses": 0,
  "n_true_clauses": 4,
  "fallback_action": 1,
  "fallback_rate": 0.0,
  "teacher_vs_data": 0.99988,
  "teacher_raw_vs_data": 0.99988,
  "hard_fidelity": 0.97652,
  "soft_fidelity": 0.99576,
  "hard_z_equals_bool": 1.0,
  "zero_intervention_max_dh": 0.0,
  "concepts_in_rules": 9,
  "rule_concepts_dead": [],
  "rule_concepts_unflippable_on": [],
  "rule_concepts_unflippable_off": [],
  "strengths": [
    50.0,
    75.0,
    90.0,
    95.0,
    99.0
  ],
  "primary_strength": 50.0
}
Rows: 58683 | states without a winning literal clause: 160/5000
  strength q=50: suff. teacher->target int=0.260 dirb=0.064 noise=0.059 diff=+0.197 [+0.185,+0.208] ||dh||=2.465 | concept nec teacher int=0.023 dirb=0.006 noise=0.006 ||dh||=2.154
  strength q=75: suff. teacher->target int=0.371 dirb=0.078 noise=0.083 diff=+0.293 [+0.279,+0.308] ||dh||=3.687 | concept nec teacher int=0.038 dirb=0.010 noise=0.012 ||dh||=2.554
  strength q=90: suff. teacher->target int=0.471 dirb=0.097 noise=0.098 diff=+0.374 [+0.359,+0.388] ||dh||=4.817 | concept nec teacher int=0.053 dirb=0.015 noise=0.017 ||dh||=2.908
  strength q=95: suff. teacher->target int=0.528 dirb=0.108 noise=0.111 diff=+0.420 [+0.405,+0.434] ||dh||=5.555 | concept nec teacher int=0.062 dirb=0.018 noise=0.021 ||dh||=3.114
  strength q=99: suff. teacher->target int=0.621 dirb=0.125 noise=0.132 diff=+0.496 [+0.483,+0.510] ||dh||=6.867 | concept nec teacher int=0.082 dirb=0.024 noise=0.027 ||dh||=3.483

Row sanity: {'RPCR': 1.0, 'flip_consistency_rule_vs_sae': 1.0, 'mean_neg_frac_before_clamp': 0.3321308316505632, 'rows_dropped_unflippable': 0}

Share of flips that turn a concept ON (only these depend on --strengths):
  necessity concept: 0.401
  necessity  clause: 0.298
  necessity  action: 0.272
  sufficiency       : 1.000

== Levels at primary strength q=50 (necessity; teacher change rate) ==
  concept n= 25393 | int=0.023 dirb=0.006 noise=0.006 | raw int=0.035 soft=0.164 hard=0.094 | ||dh|| int=2.154 dirb=2.968 noise=3.286
          coverage: mb_any=0.42 mb_rule=0.78 dirb=1.00 noise=1.00
          int - dirb  : +0.017 [+0.015, +0.019] n=25393 | int=0.023 vs dirb=0.006
          int - noise : +0.016 [+0.014, +0.018] n=25393 | int=0.023 vs noise=0.006
          int - mb_any: -0.087 [-0.094, -0.080] n=10689 | int=0.043 vs mb_any=0.130 (paired subset only)
   clause n= 23350 | int=0.580 dirb=0.027 noise=0.024 | raw int=0.655 soft=0.515 hard=0.720 | ||dh|| int=3.861 dirb=6.404 noise=6.660
          coverage: mb_any=0.01 mb_rule=0.21 dirb=1.00 noise=1.00
          int - dirb  : +0.553 [+0.536, +0.569] n=23350 | int=0.580 vs dirb=0.027
          int - noise : +0.556 [+0.538, +0.571] n=23350 | int=0.580 vs noise=0.024
          int - mb_any: +0.036 [+0.000, +0.070] n=195 | int=0.067 vs mb_any=0.031 (paired subset only)
   action n=  4840 | int=0.875 dirb=0.038 noise=0.041 | raw int=0.924 soft=0.454 hard=0.917 | ||dh|| int=4.463 dirb=7.159 noise=7.370
          coverage: mb_any=0.00 mb_rule=0.09 dirb=1.00 noise=1.00
          int - dirb  : +0.837 [+0.796, +0.875] n=4840 | int=0.875 vs dirb=0.038
          int - noise : +0.834 [+0.794, +0.870] n=4840 | int=0.875 vs noise=0.041
          int - mb_any: +0.000 [+0.000, +0.000] n=12 | int=0.000 vs mb_any=0.000 (paired subset only)

== Strength curve (teacher change rate; int - dirb with 95% CI) ==
  concept q=  50 | int=0.023 dirb=0.006 noise=0.006 | int-dirb +0.017 [+0.015, +0.019] | int-noise +0.016 [+0.014, +0.018] | ||dh||=2.154
  concept q=  75 | int=0.038 dirb=0.010 noise=0.012 | int-dirb +0.028 [+0.025, +0.031] | int-noise +0.026 [+0.023, +0.028] | ||dh||=2.554
  concept q=  90 | int=0.053 dirb=0.015 noise=0.017 | int-dirb +0.039 [+0.035, +0.042] | int-noise +0.036 [+0.033, +0.039] | ||dh||=2.908
  concept q=  95 | int=0.062 dirb=0.018 noise=0.021 | int-dirb +0.044 [+0.041, +0.048] | int-noise +0.041 [+0.038, +0.044] | ||dh||=3.114
  concept q=  99 | int=0.082 dirb=0.024 noise=0.027 | int-dirb +0.058 [+0.054, +0.062] | int-noise +0.055 [+0.051, +0.058] | ||dh||=3.483
   clause q=  50 | int=0.580 dirb=0.027 noise=0.024 | int-dirb +0.553 [+0.536, +0.569] | int-noise +0.556 [+0.538, +0.571] | ||dh||=3.861
   clause q=  75 | int=0.644 dirb=0.043 noise=0.039 | int-dirb +0.601 [+0.582, +0.618] | int-noise +0.604 [+0.585, +0.620] | ||dh||=4.505
   clause q=  90 | int=0.668 dirb=0.055 noise=0.054 | int-dirb +0.613 [+0.594, +0.629] | int-noise +0.614 [+0.596, +0.629] | ||dh||=5.100
   clause q=  95 | int=0.675 dirb=0.064 noise=0.062 | int-dirb +0.612 [+0.594, +0.627] | int-noise +0.614 [+0.597, +0.629] | ||dh||=5.456
   clause q=  99 | int=0.681 dirb=0.076 noise=0.074 | int-dirb +0.605 [+0.588, +0.619] | int-noise +0.607 [+0.591, +0.620] | ||dh||=6.097
   action q=  50 | int=0.875 dirb=0.038 noise=0.041 | int-dirb +0.837 [+0.796, +0.875] | int-noise +0.834 [+0.794, +0.870] | ||dh||=4.463
   action q=  75 | int=0.890 dirb=0.056 noise=0.058 | int-dirb +0.834 [+0.796, +0.869] | int-noise +0.832 [+0.795, +0.866] | ||dh||=5.174
   action q=  90 | int=0.894 dirb=0.069 noise=0.070 | int-dirb +0.826 [+0.789, +0.860] | int-noise +0.824 [+0.789, +0.856] | ||dh||=5.816
   action q=  95 | int=0.896 dirb=0.077 noise=0.077 | int-dirb +0.818 [+0.783, +0.851] | int-noise +0.818 [+0.783, +0.850] | ||dh||=6.187
   action q=  99 | int=0.897 dirb=0.091 noise=0.088 | int-dirb +0.806 [+0.771, +0.838] | int-noise +0.809 [+0.775, +0.839] | ||dh||=6.836

== Sufficiency n=5100 | switch-to-target: hard=0.142 soft=0.081 teacher=0.260 (dirb teacher=0.064, matched teacher=0.170)
== Minimal counterfactual: mean=2.78 median=2.0 found=1.00 hist={1: 570, 2: 2120, 3: 136, 4: 2174, 5: 0}
== Per-concept MWU (teacher int > dirb): p=0.296

== Per concept (primary strength) ==
  c 18 [U,pole_angle] n= 2041 nec hard=0.00 teacher=0.00 (dirb 0.01, noise 0.02, matched 0.14 cov 1.00) suf teacher=-- clauses=2 actions=1
  c 33 [G1,pole_angle] n= 4210 nec hard=0.00 teacher=0.02 (dirb 0.00, noise 0.00, matched 0.13 cov 0.49) suf teacher=-- clauses=2 actions=2
  c 57 [G1,pole_angle] n= 4437 nec hard=0.54 teacher=0.02 (dirb 0.01, noise 0.01, matched 0.13 cov 0.48) suf teacher=0.19 clauses=8 actions=2
  c142 [U,pole_angle] n= 2042 nec hard=0.00 teacher=0.00 (dirb 0.00, noise 0.00, matched 0.00 cov 0.05) suf teacher=1.00 clauses=6 actions=1
  c180 [G1,pole_angle] n= 4329 nec hard=0.00 teacher=0.07 (dirb 0.01, noise 0.01, matched 0.13 cov 0.49) suf teacher=1.00 clauses=9 actions=2
  c181 [G1,pole_angle] n= 2042 nec hard=0.00 teacher=0.00 (dirb 0.01, noise 0.01, matched 0.14 cov 1.00) suf teacher=-- clauses=6 actions=1
  c193 [G1,pole_angle] n= 2272 nec hard=0.00 teacher=0.02 (dirb 0.00, noise 0.00, matched 0.00 cov 0.04) suf teacher=-- clauses=2 actions=1
  c199 [G3,pole_angle] n= 1575 nec hard=0.00 teacher=0.00 (dirb 0.00, noise 0.00, matched 0.00 cov 0.03) suf teacher=-- clauses=1 actions=1
  c319 [G1,pole_angle] n= 2445 nec hard=0.00 teacher=0.02 (dirb 0.01, noise 0.01, matched 0.01 cov 0.03) suf teacher=0.34 clauses=7 actions=1

Saved to experiments/e1/results_cartpole_43
