{
  "n_states": 25000,
  "n_clauses": 40,
  "n_distinct_clauses": 4,
  "n_false_clauses": 0,
  "n_true_clauses": 0,
  "fallback_action": 1,
  "fallback_rate": 0.0558,
  "teacher_vs_data": 0.99988,
  "teacher_raw_vs_data": 0.99988,
  "hard_fidelity": 0.96024,
  "soft_fidelity": 0.99632,
  "hard_z_equals_bool": 1.0,
  "zero_intervention_max_dh": 0.0,
  "concepts_in_rules": 6,
  "rule_concepts_dead": [],
  "rule_concepts_unflippable_on": [],
  "rule_concepts_unflippable_off": [],
  "strengths": [
    50.0,
    75.0,
    90.0,
    95.0,
    99.0
  ],
  "primary_strength": 50.0
}
Rows: 31296 | states without a winning literal clause: 263/5000
  strength q=50: suff. teacher->target int=0.367 dirb=0.074 noise=0.082 diff=+0.293 [+0.281,+0.306] ||dh||=2.024 | concept nec teacher int=0.026 dirb=0.007 noise=0.007 ||dh||=2.615
  strength q=75: suff. teacher->target int=0.518 dirb=0.091 noise=0.098 diff=+0.427 [+0.414,+0.441] ||dh||=2.970 | concept nec teacher int=0.042 dirb=0.011 noise=0.012 ||dh||=2.818
  strength q=90: suff. teacher->target int=0.655 dirb=0.108 noise=0.118 diff=+0.546 [+0.534,+0.560] ||dh||=3.861 | concept nec teacher int=0.057 dirb=0.015 noise=0.017 ||dh||=3.005
  strength q=95: suff. teacher->target int=0.718 dirb=0.119 noise=0.129 diff=+0.599 [+0.586,+0.612] ||dh||=4.413 | concept nec teacher int=0.068 dirb=0.018 noise=0.019 ||dh||=3.121
  strength q=99: suff. teacher->target int=0.820 dirb=0.135 noise=0.152 diff=+0.685 [+0.674,+0.697] ||dh||=5.381 | concept nec teacher int=0.087 dirb=0.023 noise=0.025 ||dh||=3.349

Row sanity: {'RPCR': 1.0, 'flip_consistency_rule_vs_sae': 1.0, 'mean_neg_frac_before_clamp': 0.3335003999113305, 'rows_dropped_unflippable': 0}

Share of flips that turn a concept ON (only these depend on --strengths):
  necessity concept: 0.163
  necessity  clause: 0.061
  necessity  action: 0.108
  sufficiency       : 1.000

== Levels at primary strength q=50 (necessity; teacher change rate) ==
  concept n= 12581 | int=0.026 dirb=0.007 noise=0.007 | raw int=0.069 soft=0.167 hard=0.184 | ||dh|| int=2.615 dirb=2.936 noise=3.299
          coverage: mb_any=0.18 mb_rule=0.55 dirb=1.00 noise=1.00
          int - dirb  : +0.019 [+0.016, +0.022] n=12581 | int=0.026 vs dirb=0.007
          int - noise : +0.019 [+0.015, +0.022] n=12581 | int=0.026 vs noise=0.007
          int - mb_any: -0.032 [-0.049, -0.013] n=2316 | int=0.086 vs mb_any=0.118 (paired subset only)
   clause n=  8473 | int=0.233 dirb=0.012 noise=0.014 | raw int=0.319 soft=0.248 hard=0.471 | ||dh|| int=2.900 dirb=4.157 noise=4.550
          coverage: mb_any=0.01 mb_rule=0.33 dirb=1.00 noise=1.00
          int - dirb  : +0.220 [+0.209, +0.231] n=8473 | int=0.233 vs dirb=0.012
          int - noise : +0.218 [+0.207, +0.229] n=8473 | int=0.233 vs noise=0.014
          int - mb_any: +0.009 [+0.000, +0.029] n=116 | int=0.009 vs mb_any=0.000 (paired subset only)
   action n=  4737 | int=0.415 dirb=0.019 noise=0.018 | raw int=0.492 soft=0.444 hard=0.488 | ||dh|| int=3.603 dirb=4.927 noise=5.269
          coverage: mb_any=0.00 mb_rule=0.19 dirb=1.00 noise=1.00
          int - dirb  : +0.396 [+0.373, +0.419] n=4737 | int=0.415 vs dirb=0.019
          int - noise : +0.397 [+0.374, +0.419] n=4737 | int=0.415 vs noise=0.018
          int - mb_any: +0.048 [+0.000, +0.143] n=21 | int=0.048 vs mb_any=0.000 (paired subset only)

== Strength curve (teacher change rate; int - dirb with 95% CI) ==
  concept q=  50 | int=0.026 dirb=0.007 noise=0.007 | int-dirb +0.019 [+0.016, +0.022] | int-noise +0.019 [+0.015, +0.022] | ||dh||=2.615
  concept q=  75 | int=0.042 dirb=0.011 noise=0.012 | int-dirb +0.031 [+0.027, +0.035] | int-noise +0.031 [+0.027, +0.034] | ||dh||=2.818
  concept q=  90 | int=0.057 dirb=0.015 noise=0.017 | int-dirb +0.042 [+0.038, +0.045] | int-noise +0.041 [+0.037, +0.044] | ||dh||=3.005
  concept q=  95 | int=0.068 dirb=0.018 noise=0.019 | int-dirb +0.050 [+0.046, +0.054] | int-noise +0.049 [+0.046, +0.053] | ||dh||=3.121
  concept q=  99 | int=0.087 dirb=0.023 noise=0.025 | int-dirb +0.064 [+0.060, +0.069] | int-noise +0.062 [+0.058, +0.066] | ||dh||=3.349
   clause q=  50 | int=0.233 dirb=0.012 noise=0.014 | int-dirb +0.220 [+0.209, +0.231] | int-noise +0.218 [+0.207, +0.229] | ||dh||=2.900
   clause q=  75 | int=0.248 dirb=0.019 noise=0.021 | int-dirb +0.229 [+0.220, +0.238] | int-noise +0.227 [+0.217, +0.236] | ||dh||=3.118
   clause q=  90 | int=0.256 dirb=0.026 noise=0.029 | int-dirb +0.230 [+0.223, +0.237] | int-noise +0.228 [+0.219, +0.235] | ||dh||=3.340
   clause q=  95 | int=0.260 dirb=0.030 noise=0.032 | int-dirb +0.230 [+0.223, +0.236] | int-noise +0.228 [+0.221, +0.234] | ||dh||=3.484
   clause q=  99 | int=0.262 dirb=0.038 noise=0.040 | int-dirb +0.224 [+0.218, +0.231] | int-noise +0.222 [+0.216, +0.228] | ||dh||=3.782
   action q=  50 | int=0.415 dirb=0.019 noise=0.018 | int-dirb +0.396 [+0.373, +0.419] | int-noise +0.397 [+0.374, +0.419] | ||dh||=3.603
   action q=  75 | int=0.442 dirb=0.031 noise=0.031 | int-dirb +0.412 [+0.391, +0.431] | int-noise +0.411 [+0.392, +0.429] | ||dh||=3.992
   action q=  90 | int=0.457 dirb=0.044 noise=0.044 | int-dirb +0.413 [+0.397, +0.429] | int-noise +0.413 [+0.398, +0.428] | ||dh||=4.389
   action q=  95 | int=0.464 dirb=0.052 noise=0.052 | int-dirb +0.412 [+0.398, +0.425] | int-noise +0.412 [+0.400, +0.424] | ||dh||=4.647
   action q=  99 | int=0.468 dirb=0.067 noise=0.064 | int-dirb +0.400 [+0.387, +0.413] | int-noise +0.404 [+0.392, +0.415] | ||dh||=5.180

== Sufficiency n=5505 | switch-to-target: hard=0.153 soft=0.100 teacher=0.367 (dirb teacher=0.074, matched teacher=0.194)
== Minimal counterfactual: mean=3.24 median=4.0 found=0.59 hist={1: 635, 2: 14, 3: 304, 4: 1993, 5: 0}
== Per-concept MWU (teacher int > dirb): p=0.168

== Per concept (primary strength) ==
  c 69 [G1,pole_angle] n= 2424 nec hard=0.00 teacher=0.04 (dirb 0.01, noise 0.00, matched 0.02 cov 0.02) suf teacher=0.35 clauses=2 actions=1
  c193 [U,pole_angle] n= 1682 nec hard=0.00 teacher=0.00 (dirb 0.00, noise 0.00, matched 0.00 cov 0.04) suf teacher=-- clauses=1 actions=1
  c333 [G1,pole_angle] n= 2313 nec hard=1.00 teacher=0.00 (dirb 0.00, noise 0.00, matched 0.00 cov 0.03) suf teacher=0.38 clauses=2 actions=1
  c405 [G1,pole_angle] n= 2054 nec hard=0.00 teacher=0.00 (dirb 0.00, noise 0.00, matched 0.00 cov 0.02) suf teacher=-- clauses=1 actions=1
  c420 [G1,pole_angle] n= 2054 nec hard=0.00 teacher=0.01 (dirb 0.00, noise 0.00, matched 0.00 cov 0.02) suf teacher=-- clauses=1 actions=1
  c459 [U,pole_angle] n= 2054 nec hard=0.00 teacher=0.10 (dirb 0.03, noise 0.04, matched 0.13 cov 1.00) suf teacher=-- clauses=1 actions=1

Saved to experiments/e1/results_cartpole_44_ci
