MiniGrid observation shape: (3, 7, 7), using 3 input channels
{
  "n_states": 25160,
  "n_clauses": 90,
  "n_distinct_clauses": 10,
  "n_false_clauses": 0,
  "n_true_clauses": 30,
  "fallback_action": 2,
  "fallback_rate": 0.0,
  "teacher_vs_data": 1.0,
  "teacher_raw_vs_data": 1.0,
  "hard_fidelity": 0.9992845786963434,
  "soft_fidelity": 0.9999602543720191,
  "hard_z_equals_bool": 1.0,
  "zero_intervention_max_dh": 0.0,
  "concepts_in_rules": 12,
  "rule_concepts_dead": [],
  "rule_concepts_unflippable_on": [],
  "rule_concepts_unflippable_off": [],
  "strengths": [
    50.0,
    75.0,
    90.0,
    95.0,
    99.0
  ],
  "primary_strength": 50.0
}
Rows: 20348 | states without a winning literal clause: 2673/5000
  strength q=50: suff. teacher->target int=0.001 dirb=0.000 noise=0.000 diff=+0.001 [+0.000,+0.002] ||dh||=0.672 | concept nec teacher int=0.042 dirb=0.026 noise=0.029 ||dh||=0.711
  strength q=75: suff. teacher->target int=0.001 dirb=0.000 noise=0.000 diff=+0.001 [+0.000,+0.002] ||dh||=0.796 | concept nec teacher int=0.042 dirb=0.026 noise=0.029 ||dh||=0.711
  strength q=90: suff. teacher->target int=0.001 dirb=0.001 noise=0.000 diff=+0.000 [+0.000,+0.001] ||dh||=0.953 | concept nec teacher int=0.042 dirb=0.026 noise=0.029 ||dh||=0.711
  strength q=95: suff. teacher->target int=0.001 dirb=0.001 noise=0.001 diff=+0.000 [+0.000,+0.001] ||dh||=1.016 | concept nec teacher int=0.042 dirb=0.026 noise=0.029 ||dh||=0.711
  strength q=99: suff. teacher->target int=0.001 dirb=0.001 noise=0.001 diff=+0.001 [+0.000,+0.002] ||dh||=1.267 | concept nec teacher int=0.042 dirb=0.026 noise=0.029 ||dh||=0.711

Row sanity: {'RPCR': 1.0, 'flip_consistency_rule_vs_sae': 1.0, 'mean_neg_frac_before_clamp': 0.3288974960684097, 'rows_dropped_unflippable': 0}

Share of flips that turn a concept ON (only these depend on --strengths):
  necessity concept: 0.000
  necessity  clause: 0.000
  necessity  action: 0.000
  sufficiency       : 1.000

== Levels at primary strength q=50 (necessity; teacher change rate) ==
  concept n=  7766 | int=0.042 dirb=0.026 noise=0.029 | raw int=0.033 soft=0.799 hard=0.874 | ||dh|| int=0.711 dirb=0.644 noise=0.650
          coverage: mb_any=0.27 mb_rule=0.70 dirb=1.00 noise=1.00
          int - dirb  : +0.016 [+0.012, +0.020] n=7766 | int=0.042 vs dirb=0.026
          int - noise : +0.013 [+0.009, +0.017] n=7766 | int=0.042 vs noise=0.029
          int - mb_any: +0.002 [-0.003, +0.006] n=2113 | int=0.017 vs mb_any=0.015 (paired subset only)
   clause n=  5639 | int=0.127 dirb=0.054 noise=0.057 | raw int=0.121 soft=1.000 hard=1.000 | ||dh|| int=1.084 dirb=1.120 noise=1.132
          coverage: mb_any=0.07 mb_rule=0.20 dirb=1.00 noise=1.00
          int - dirb  : +0.073 [+0.063, +0.082] n=5639 | int=0.127 vs dirb=0.054
          int - noise : +0.070 [+0.060, +0.079] n=5639 | int=0.127 vs noise=0.057
          int - mb_any: +0.011 [+0.003, +0.024] n=367 | int=0.011 vs mb_any=0.000 (paired subset only)
   action n=  2327 | int=0.090 dirb=0.055 noise=0.049 | raw int=0.090 soft=1.000 hard=1.000 | ||dh|| int=1.084 dirb=1.158 noise=1.180
          coverage: mb_any=0.07 mb_rule=0.17 dirb=1.00 noise=1.00
          int - dirb  : +0.035 [+0.024, +0.045] n=2327 | int=0.090 vs dirb=0.055
          int - noise : +0.041 [+0.030, +0.052] n=2327 | int=0.090 vs noise=0.049
          int - mb_any: +0.000 [+0.000, +0.000] n=171 | int=0.000 vs mb_any=0.000 (paired subset only)

== Strength curve (teacher change rate; int - dirb with 95% CI) ==
  concept q=  50 | int=0.042 dirb=0.026 noise=0.029 | int-dirb +0.016 [+0.012, +0.020] | int-noise +0.013 [+0.009, +0.017] | ||dh||=0.711
  concept q=  75 | int=0.042 dirb=0.026 noise=0.029 | int-dirb +0.016 [+0.012, +0.020] | int-noise +0.013 [+0.009, +0.017] | ||dh||=0.711
  concept q=  90 | int=0.042 dirb=0.026 noise=0.029 | int-dirb +0.016 [+0.012, +0.020] | int-noise +0.013 [+0.009, +0.017] | ||dh||=0.711
  concept q=  95 | int=0.042 dirb=0.026 noise=0.029 | int-dirb +0.016 [+0.012, +0.020] | int-noise +0.013 [+0.009, +0.017] | ||dh||=0.711
  concept q=  99 | int=0.042 dirb=0.026 noise=0.029 | int-dirb +0.016 [+0.012, +0.020] | int-noise +0.013 [+0.009, +0.017] | ||dh||=0.711
   clause q=  50 | int=0.127 dirb=0.054 noise=0.057 | int-dirb +0.073 [+0.063, +0.082] | int-noise +0.070 [+0.060, +0.079] | ||dh||=1.084
   clause q=  75 | int=0.127 dirb=0.054 noise=0.057 | int-dirb +0.073 [+0.063, +0.082] | int-noise +0.070 [+0.060, +0.079] | ||dh||=1.084
   clause q=  90 | int=0.127 dirb=0.054 noise=0.057 | int-dirb +0.073 [+0.063, +0.082] | int-noise +0.070 [+0.060, +0.079] | ||dh||=1.084
   clause q=  95 | int=0.127 dirb=0.054 noise=0.057 | int-dirb +0.073 [+0.063, +0.082] | int-noise +0.070 [+0.060, +0.079] | ||dh||=1.084
   clause q=  99 | int=0.127 dirb=0.054 noise=0.057 | int-dirb +0.073 [+0.063, +0.082] | int-noise +0.070 [+0.060, +0.079] | ||dh||=1.084
   action q=  50 | int=0.090 dirb=0.055 noise=0.049 | int-dirb +0.035 [+0.024, +0.045] | int-noise +0.041 [+0.030, +0.052] | ||dh||=1.084
   action q=  75 | int=0.090 dirb=0.055 noise=0.049 | int-dirb +0.035 [+0.024, +0.045] | int-noise +0.041 [+0.030, +0.052] | ||dh||=1.084
   action q=  90 | int=0.090 dirb=0.055 noise=0.049 | int-dirb +0.035 [+0.024, +0.045] | int-noise +0.041 [+0.030, +0.052] | ||dh||=1.084
   action q=  95 | int=0.090 dirb=0.055 noise=0.049 | int-dirb +0.035 [+0.024, +0.045] | int-noise +0.041 [+0.030, +0.052] | ||dh||=1.084
   action q=  99 | int=0.090 dirb=0.055 noise=0.049 | int-dirb +0.035 [+0.024, +0.045] | int-noise +0.041 [+0.030, +0.052] | ||dh||=1.084

== Sufficiency n=4616 | switch-to-target: hard=0.662 soft=0.847 teacher=0.001 (dirb teacher=0.000, matched teacher=0.000)
== Minimal counterfactual: mean=1.40 median=1.0 found=0.88 hist={1: 3054, 2: 972, 3: 392, 4: 0, 5: 0}
== Per-concept MWU (teacher int > dirb): p=0.56

== Per concept (primary strength) ==
  c 11 [G1,wall_ahead] n=  977 nec hard=1.00 teacher=0.09 (dirb 0.04, noise 0.04, matched 0.02 cov 0.27) suf teacher=-- clauses=2 actions=1
  c 19 [G2c,key_in_front] n=  582 nec hard=1.00 teacher=0.04 (dirb 0.02, noise 0.02, matched 0.02 cov 0.20) suf teacher=-- clauses=1 actions=1
  c 25 [G2c,key_in_front] n=  582 nec hard=1.00 teacher=0.00 (dirb 0.03, noise 0.02, matched 0.01 cov 0.23) suf teacher=-- clauses=1 actions=1
  c 40 [U,door_in_front] n=  381 nec hard=1.00 teacher=0.00 (dirb 0.00, noise 0.00, matched 0.00 cov 0.30) suf teacher=-- clauses=2 actions=1
  c167 [G1,wall_ahead] n=  977 nec hard=0.00 teacher=0.00 (dirb 0.03, noise 0.04, matched 0.02 cov 0.30) suf teacher=-- clauses=2 actions=1
  c197 [G2,wall_ahead] n=  582 nec hard=1.00 teacher=0.02 (dirb 0.01, noise 0.02, matched 0.02 cov 0.21) suf teacher=1.00 clauses=1 actions=1
  c206 [U,agent_dir] n=  582 nec hard=1.00 teacher=0.02 (dirb 0.02, noise 0.02, matched 0.04 cov 0.20) suf teacher=-- clauses=1 actions=1
  c215 [G1,wall_ahead] n=  977 nec hard=1.00 teacher=0.13 (dirb 0.05, noise 0.05, matched 0.01 cov 0.30) suf teacher=1.00 clauses=4 actions=1
  c261 [U,door_in_front] n=  381 nec hard=1.00 teacher=0.00 (dirb 0.00, noise 0.00, matched 0.00 cov 0.31) suf teacher=-- clauses=1 actions=1
  c264 [U,door_in_front] n=  381 nec hard=1.00 teacher=0.00 (dirb 0.00, noise 0.00, matched 0.00 cov 0.31) suf teacher=-- clauses=2 actions=1
  c281 [G1,wall_ahead] n=  977 nec hard=1.00 teacher=0.06 (dirb 0.04, noise 0.05, matched 0.02 cov 0.31) suf teacher=-- clauses=4 actions=1
  c283 [G1,key_in_front] n=  387 nec hard=1.00 teacher=0.00 (dirb 0.00, noise 0.00, matched 0.00 cov 0.31) suf teacher=0.00 clauses=1 actions=1

Saved to experiments/e1/results_doorkey_43
