MiniGrid observation shape: (3, 7, 7), using 3 input channels
{
  "n_states": 24403,
  "n_clauses": 70,
  "n_distinct_clauses": 7,
  "n_false_clauses": 0,
  "n_true_clauses": 40,
  "fallback_action": 2,
  "fallback_rate": 0.0,
  "teacher_vs_data": 1.0,
  "teacher_raw_vs_data": 1.0,
  "hard_fidelity": 1.0,
  "soft_fidelity": 1.0,
  "hard_z_equals_bool": 1.0,
  "zero_intervention_max_dh": 0.0,
  "concepts_in_rules": 3,
  "rule_concepts_dead": [],
  "rule_concepts_unflippable_on": [],
  "rule_concepts_unflippable_off": [],
  "strengths": [
    50.0,
    75.0,
    90.0,
    95.0,
    99.0
  ],
  "primary_strength": 50.0
}
Rows: 25000 | states without a winning literal clause: 0/5000
  strength q=50: suff. teacher->target int=0.000 dirb=0.006 noise=0.003 diff=-0.006 [-0.008,-0.005] ||dh||=0.065 | concept nec teacher int=0.000 dirb=0.019 noise=0.004 ||dh||=0.064
  strength q=75: suff. teacher->target int=0.009 dirb=0.008 noise=0.004 diff=+0.001 [-0.002,+0.004] ||dh||=0.071 | concept nec teacher int=0.000 dirb=0.019 noise=0.004 ||dh||=0.064
  strength q=90: suff. teacher->target int=0.009 dirb=0.012 noise=0.006 diff=-0.003 [-0.005,+0.000] ||dh||=0.081 | concept nec teacher int=0.000 dirb=0.019 noise=0.004 ||dh||=0.064
  strength q=95: suff. teacher->target int=0.009 dirb=0.014 noise=0.008 diff=-0.004 [-0.007,-0.002] ||dh||=0.088 | concept nec teacher int=0.000 dirb=0.019 noise=0.004 ||dh||=0.064
  strength q=99: suff. teacher->target int=0.009 dirb=0.022 noise=0.011 diff=-0.012 [-0.016,-0.009] ||dh||=0.096 | concept nec teacher int=0.000 dirb=0.019 noise=0.004 ||dh||=0.064

Row sanity: {'RPCR': 1.0, 'flip_consistency_rule_vs_sae': 1.0, 'mean_neg_frac_before_clamp': 0.3294375, 'rows_dropped_unflippable': 0}

Share of flips that turn a concept ON (only these depend on --strengths):
  necessity concept: 0.000
  necessity  clause: 0.000
  necessity  action: 0.000
  sufficiency       : 1.000

== Levels at primary strength q=50 (necessity; teacher change rate) ==
  concept n=  5000 | int=0.000 dirb=0.019 noise=0.004 | raw int=0.000 soft=0.567 hard=1.000 | ||dh|| int=0.064 dirb=0.063 noise=0.062
          coverage: mb_any=0.53 mb_rule=0.00 dirb=1.00 noise=1.00
          int - dirb  : -0.019 [-0.023, -0.015] n=5000 | int=0.000 vs dirb=0.019
          int - noise : -0.004 [-0.006, -0.003] n=5000 | int=0.000 vs noise=0.004
          int - mb_any: -0.002 [-0.004, -0.000] n=2659 | int=0.000 vs mb_any=0.002 (paired subset only)
   clause n=  5000 | int=0.000 dirb=0.019 noise=0.005 | raw int=0.000 soft=0.567 hard=1.000 | ||dh|| int=0.064 dirb=0.062 noise=0.061
          coverage: mb_any=0.53 mb_rule=0.00 dirb=1.00 noise=1.00
          int - dirb  : -0.019 [-0.022, -0.015] n=5000 | int=0.000 vs dirb=0.019
          int - noise : -0.005 [-0.007, -0.003] n=5000 | int=0.000 vs noise=0.005
          int - mb_any: -0.001 [-0.003, +0.000] n=2641 | int=0.000 vs mb_any=0.001 (paired subset only)
   action n=  5000 | int=0.000 dirb=0.015 noise=0.002 | raw int=0.000 soft=0.567 hard=1.000 | ||dh|| int=0.064 dirb=0.062 noise=0.061
          coverage: mb_any=0.52 mb_rule=0.00 dirb=1.00 noise=1.00
          int - dirb  : -0.015 [-0.018, -0.011] n=5000 | int=0.000 vs dirb=0.015
          int - noise : -0.002 [-0.003, -0.001] n=5000 | int=0.000 vs noise=0.002
          int - mb_any: -0.002 [-0.003, -0.000] n=2599 | int=0.000 vs mb_any=0.002 (paired subset only)

== Strength curve (teacher change rate; int - dirb with 95% CI) ==
  concept q=  50 | int=0.000 dirb=0.019 noise=0.004 | int-dirb -0.019 [-0.023, -0.015] | int-noise -0.004 [-0.006, -0.003] | ||dh||=0.064
  concept q=  75 | int=0.000 dirb=0.019 noise=0.004 | int-dirb -0.019 [-0.023, -0.015] | int-noise -0.004 [-0.006, -0.003] | ||dh||=0.064
  concept q=  90 | int=0.000 dirb=0.019 noise=0.004 | int-dirb -0.019 [-0.023, -0.015] | int-noise -0.004 [-0.006, -0.003] | ||dh||=0.064
  concept q=  95 | int=0.000 dirb=0.019 noise=0.004 | int-dirb -0.019 [-0.023, -0.015] | int-noise -0.004 [-0.006, -0.003] | ||dh||=0.064
  concept q=  99 | int=0.000 dirb=0.019 noise=0.004 | int-dirb -0.019 [-0.023, -0.015] | int-noise -0.004 [-0.006, -0.003] | ||dh||=0.064
   clause q=  50 | int=0.000 dirb=0.019 noise=0.005 | int-dirb -0.019 [-0.022, -0.015] | int-noise -0.005 [-0.007, -0.003] | ||dh||=0.064
   clause q=  75 | int=0.000 dirb=0.019 noise=0.005 | int-dirb -0.019 [-0.022, -0.015] | int-noise -0.005 [-0.007, -0.003] | ||dh||=0.064
   clause q=  90 | int=0.000 dirb=0.019 noise=0.005 | int-dirb -0.019 [-0.022, -0.015] | int-noise -0.005 [-0.007, -0.003] | ||dh||=0.064
   clause q=  95 | int=0.000 dirb=0.019 noise=0.005 | int-dirb -0.019 [-0.022, -0.015] | int-noise -0.005 [-0.007, -0.003] | ||dh||=0.064
   clause q=  99 | int=0.000 dirb=0.019 noise=0.005 | int-dirb -0.019 [-0.022, -0.015] | int-noise -0.005 [-0.007, -0.003] | ||dh||=0.064
   action q=  50 | int=0.000 dirb=0.015 noise=0.002 | int-dirb -0.015 [-0.018, -0.011] | int-noise -0.002 [-0.003, -0.001] | ||dh||=0.064
   action q=  75 | int=0.000 dirb=0.015 noise=0.002 | int-dirb -0.015 [-0.018, -0.011] | int-noise -0.002 [-0.003, -0.001] | ||dh||=0.064
   action q=  90 | int=0.000 dirb=0.015 noise=0.002 | int-dirb -0.015 [-0.018, -0.011] | int-noise -0.002 [-0.003, -0.001] | ||dh||=0.064
   action q=  95 | int=0.000 dirb=0.015 noise=0.002 | int-dirb -0.015 [-0.018, -0.011] | int-noise -0.002 [-0.003, -0.001] | ||dh||=0.064
   action q=  99 | int=0.000 dirb=0.015 noise=0.002 | int-dirb -0.015 [-0.018, -0.011] | int-noise -0.002 [-0.003, -0.001] | ||dh||=0.064

== Sufficiency n=10000 | switch-to-target: hard=0.597 soft=0.523 teacher=0.000 (dirb teacher=0.006, matched teacher=0.011)
== Minimal counterfactual: mean=1.00 median=1.0 found=0.67 hist={1: 3354, 2: 0, 3: 0, 4: 0, 5: 0}
== Per-concept MWU (teacher int > dirb): p=0.99

== Per concept (primary strength) ==
  c 29 [G1,agent_dir] n= 1646 nec hard=1.00 teacher=0.00 (dirb 0.02, noise 0.00, matched 0.01 cov 0.52) suf teacher=0.00 clauses=1 actions=1
  c131 [G2,obstacle_left] n= 1191 nec hard=1.00 teacher=0.00 (dirb 0.03, noise 0.01, matched 0.00 cov 0.53) suf teacher=0.00 clauses=1 actions=1
  c138 [G2,goal_dist] n= 2163 nec hard=1.00 teacher=0.00 (dirb 0.01, noise 0.00, matched 0.00 cov 0.54) suf teacher=0.00 clauses=1 actions=1

Saved to experiments/e1/results_dyobs_44
