MiniGrid observation shape: (3, 7, 7), using 3 input channels
{
  "n_states": 24403,
  "n_clauses": 30,
  "n_distinct_clauses": 3,
  "n_false_clauses": 0,
  "n_true_clauses": 0,
  "fallback_action": 2,
  "fallback_rate": 0.0,
  "teacher_vs_data": 1.0,
  "teacher_raw_vs_data": 1.0,
  "hard_fidelity": 1.0,
  "soft_fidelity": 1.0,
  "hard_z_equals_bool": 1.0,
  "zero_intervention_max_dh": 0.0,
  "concepts_in_rules": 4,
  "rule_concepts_dead": [],
  "rule_concepts_unflippable_on": [],
  "rule_concepts_unflippable_off": [],
  "strengths": [
    50.0,
    75.0,
    90.0,
    95.0,
    99.0
  ],
  "primary_strength": 50.0
}
Rows: 23292 | states without a winning literal clause: 0/5000
  strength q=50: suff. teacher->target int=0.011 dirb=0.011 noise=0.003 diff=-0.001 [-0.004,+0.003] ||dh||=0.063 | concept nec teacher int=0.030 dirb=0.010 noise=0.003 ||dh||=0.060
  strength q=75: suff. teacher->target int=0.011 dirb=0.019 noise=0.004 diff=-0.008 [-0.012,-0.004] ||dh||=0.069 | concept nec teacher int=0.030 dirb=0.010 noise=0.003 ||dh||=0.060
  strength q=90: suff. teacher->target int=0.011 dirb=0.029 noise=0.008 diff=-0.019 [-0.023,-0.014] ||dh||=0.082 | concept nec teacher int=0.030 dirb=0.010 noise=0.003 ||dh||=0.060
  strength q=95: suff. teacher->target int=0.011 dirb=0.031 noise=0.011 diff=-0.021 [-0.025,-0.016] ||dh||=0.089 | concept nec teacher int=0.030 dirb=0.010 noise=0.003 ||dh||=0.060
  strength q=99: suff. teacher->target int=0.011 dirb=0.037 noise=0.015 diff=-0.027 [-0.032,-0.022] ||dh||=0.096 | concept nec teacher int=0.030 dirb=0.010 noise=0.003 ||dh||=0.060

Row sanity: {'RPCR': 1.0, 'flip_consistency_rule_vs_sae': 1.0, 'mean_neg_frac_before_clamp': 0.3661537491413361, 'rows_dropped_unflippable': 0}

Share of flips that turn a concept ON (only these depend on --strengths):
  necessity concept: 0.000
  necessity  clause: 0.000
  necessity  action: 0.000
  sufficiency       : 1.000

== Levels at primary strength q=50 (necessity; teacher change rate) ==
  concept n=  6646 | int=0.030 dirb=0.010 noise=0.003 | raw int=0.030 soft=0.179 hard=0.675 | ||dh|| int=0.060 dirb=0.058 noise=0.057
          coverage: mb_any=0.58 mb_rule=0.00 dirb=1.00 noise=1.00
          int - dirb  : +0.020 [+0.015, +0.024] n=6646 | int=0.030 vs dirb=0.010
          int - noise : +0.027 [+0.023, +0.032] n=6646 | int=0.030 vs noise=0.003
          int - mb_any: +0.029 [+0.024, +0.035] n=3847 | int=0.030 vs mb_any=0.001 (paired subset only)
   clause n=  5000 | int=0.040 dirb=0.018 noise=0.006 | raw int=0.040 soft=0.567 hard=0.567 | ||dh|| int=0.066 dirb=0.067 noise=0.066
          coverage: mb_any=0.49 mb_rule=0.00 dirb=1.00 noise=1.00
          int - dirb  : +0.022 [+0.016, +0.028] n=5000 | int=0.040 vs dirb=0.018
          int - noise : +0.034 [+0.028, +0.039] n=5000 | int=0.040 vs noise=0.006
          int - mb_any: +0.034 [+0.025, +0.043] n=2457 | int=0.045 vs mb_any=0.011 (paired subset only)
   action n=  5000 | int=0.040 dirb=0.017 noise=0.004 | raw int=0.040 soft=0.567 hard=0.567 | ||dh|| int=0.066 dirb=0.066 noise=0.066
          coverage: mb_any=0.51 mb_rule=0.00 dirb=1.00 noise=1.00
          int - dirb  : +0.023 [+0.017, +0.029] n=5000 | int=0.040 vs dirb=0.017
          int - noise : +0.035 [+0.030, +0.041] n=5000 | int=0.040 vs noise=0.004
          int - mb_any: +0.039 [+0.030, +0.048] n=2528 | int=0.048 vs mb_any=0.009 (paired subset only)

== Strength curve (teacher change rate; int - dirb with 95% CI) ==
  concept q=  50 | int=0.030 dirb=0.010 noise=0.003 | int-dirb +0.020 [+0.015, +0.024] | int-noise +0.027 [+0.023, +0.032] | ||dh||=0.060
  concept q=  75 | int=0.030 dirb=0.010 noise=0.003 | int-dirb +0.020 [+0.015, +0.024] | int-noise +0.027 [+0.023, +0.032] | ||dh||=0.060
  concept q=  90 | int=0.030 dirb=0.010 noise=0.003 | int-dirb +0.020 [+0.015, +0.024] | int-noise +0.027 [+0.023, +0.032] | ||dh||=0.060
  concept q=  95 | int=0.030 dirb=0.010 noise=0.003 | int-dirb +0.020 [+0.015, +0.024] | int-noise +0.027 [+0.023, +0.032] | ||dh||=0.060
  concept q=  99 | int=0.030 dirb=0.010 noise=0.003 | int-dirb +0.020 [+0.015, +0.024] | int-noise +0.027 [+0.023, +0.032] | ||dh||=0.060
   clause q=  50 | int=0.040 dirb=0.018 noise=0.006 | int-dirb +0.022 [+0.016, +0.028] | int-noise +0.034 [+0.028, +0.039] | ||dh||=0.066
   clause q=  75 | int=0.040 dirb=0.018 noise=0.006 | int-dirb +0.022 [+0.016, +0.028] | int-noise +0.034 [+0.028, +0.039] | ||dh||=0.066
   clause q=  90 | int=0.040 dirb=0.018 noise=0.006 | int-dirb +0.022 [+0.016, +0.028] | int-noise +0.034 [+0.028, +0.039] | ||dh||=0.066
   clause q=  95 | int=0.040 dirb=0.018 noise=0.006 | int-dirb +0.022 [+0.016, +0.028] | int-noise +0.034 [+0.028, +0.039] | ||dh||=0.066
   clause q=  99 | int=0.040 dirb=0.018 noise=0.006 | int-dirb +0.022 [+0.016, +0.028] | int-noise +0.034 [+0.028, +0.039] | ||dh||=0.066
   action q=  50 | int=0.040 dirb=0.017 noise=0.004 | int-dirb +0.023 [+0.017, +0.029] | int-noise +0.035 [+0.030, +0.041] | ||dh||=0.066
   action q=  75 | int=0.040 dirb=0.017 noise=0.004 | int-dirb +0.023 [+0.017, +0.029] | int-noise +0.035 [+0.030, +0.041] | ||dh||=0.066
   action q=  90 | int=0.040 dirb=0.017 noise=0.004 | int-dirb +0.023 [+0.017, +0.029] | int-noise +0.035 [+0.030, +0.041] | ||dh||=0.066
   action q=  95 | int=0.040 dirb=0.017 noise=0.004 | int-dirb +0.023 [+0.017, +0.029] | int-noise +0.035 [+0.030, +0.041] | ||dh||=0.066
   action q=  99 | int=0.040 dirb=0.017 noise=0.004 | int-dirb +0.023 [+0.017, +0.029] | int-noise +0.035 [+0.030, +0.041] | ||dh||=0.066

== Sufficiency n=6646 | switch-to-target: hard=0.573 soft=0.843 teacher=0.011 (dirb teacher=0.011, matched teacher=0.021)
== Minimal counterfactual: mean=1.00 median=1.0 found=0.76 hist={1: 3809, 2: 0, 3: 0, 4: 0, 5: 0}
== Per-concept MWU (teacher int > dirb): p=0.908

== Per concept (primary strength) ==
  c 32 [G1,agent_dir] n= 1646 nec hard=1.00 teacher=0.00 (dirb 0.00, noise 0.00, matched 0.00 cov 0.58) suf teacher=-- clauses=1 actions=1
  c 49 [G2,obstacle_left] n= 1191 nec hard=1.00 teacher=0.17 (dirb 0.03, noise 0.01, matched 0.00 cov 0.56) suf teacher=0.02 clauses=1 actions=1
  c133 [G1,agent_dir] n= 1646 nec hard=1.00 teacher=0.00 (dirb 0.01, noise 0.00, matched 0.00 cov 0.58) suf teacher=-- clauses=1 actions=1
  c146 [U,obstacle_ahead] n= 2163 nec hard=0.00 teacher=0.00 (dirb 0.00, noise 0.00, matched 0.00 cov 0.59) suf teacher=0.00 clauses=1 actions=1

Saved to experiments/e1/results_dyobs_42
