MiniGrid observation shape: (3, 7, 7), using 3 input channels
{
  "n_states": 25160,
  "n_clauses": 90,
  "n_distinct_clauses": 6,
  "n_false_clauses": 0,
  "n_true_clauses": 30,
  "fallback_action": 2,
  "fallback_rate": 0.0,
  "teacher_vs_data": 1.0,
  "teacher_raw_vs_data": 1.0,
  "hard_fidelity": 0.9992448330683624,
  "soft_fidelity": 0.9998807631160572,
  "hard_z_equals_bool": 1.0,
  "zero_intervention_max_dh": 0.0,
  "concepts_in_rules": 9,
  "rule_concepts_dead": [],
  "rule_concepts_unflippable_on": [],
  "rule_concepts_unflippable_off": [],
  "strengths": [
    50.0,
    75.0,
    90.0,
    95.0,
    99.0
  ],
  "primary_strength": 50.0
}
Rows: 14700 | states without a winning literal clause: 2675/5000
  strength q=50: suff. teacher->target int=0.002 dirb=0.000 noise=0.001 diff=+0.001 [+0.000,+0.002] ||dh||=0.817 | concept nec teacher int=0.051 dirb=0.030 noise=0.027 ||dh||=0.978
  strength q=75: suff. teacher->target int=0.002 dirb=0.001 noise=0.001 diff=+0.001 [-0.000,+0.002] ||dh||=1.031 | concept nec teacher int=0.051 dirb=0.030 noise=0.027 ||dh||=0.978
  strength q=90: suff. teacher->target int=0.003 dirb=0.001 noise=0.001 diff=+0.002 [+0.000,+0.004] ||dh||=1.150 | concept nec teacher int=0.051 dirb=0.030 noise=0.027 ||dh||=0.978
  strength q=95: suff. teacher->target int=0.003 dirb=0.001 noise=0.001 diff=+0.002 [+0.001,+0.004] ||dh||=1.222 | concept nec teacher int=0.051 dirb=0.030 noise=0.027 ||dh||=0.978
  strength q=99: suff. teacher->target int=0.004 dirb=0.001 noise=0.001 diff=+0.002 [+0.001,+0.004] ||dh||=1.315 | concept nec teacher int=0.051 dirb=0.030 noise=0.027 ||dh||=0.978

Row sanity: {'RPCR': 1.0, 'flip_consistency_rule_vs_sae': 1.0, 'mean_neg_frac_before_clamp': 0.3310230654761905, 'rows_dropped_unflippable': 0}

Share of flips that turn a concept ON (only these depend on --strengths):
  necessity concept: 0.000
  necessity  clause: 0.000
  necessity  action: 0.000
  sufficiency       : 1.000

== Levels at primary strength q=50 (necessity; teacher change rate) ==
  concept n=  5423 | int=0.051 dirb=0.030 noise=0.027 | raw int=0.050 soft=0.893 hard=1.000 | ||dh|| int=0.978 dirb=0.843 noise=0.851
          coverage: mb_any=0.28 mb_rule=0.57 dirb=1.00 noise=1.00
          int - dirb  : +0.022 [+0.017, +0.027] n=5423 | int=0.051 vs dirb=0.030
          int - noise : +0.024 [+0.019, +0.030] n=5423 | int=0.051 vs noise=0.027
          int - mb_any: +0.010 [+0.005, +0.016] n=1502 | int=0.021 vs mb_any=0.011 (paired subset only)
   clause n=  2325 | int=0.094 dirb=0.056 noise=0.050 | raw int=0.094 soft=1.000 hard=1.000 | ||dh|| int=1.170 dirb=1.276 noise=1.283
          coverage: mb_any=0.11 mb_rule=0.51 dirb=1.00 noise=1.00
          int - dirb  : +0.037 [+0.027, +0.048] n=2325 | int=0.094 vs dirb=0.056
          int - noise : +0.044 [+0.034, +0.054] n=2325 | int=0.094 vs noise=0.050
          int - mb_any: +0.011 [+0.000, +0.026] n=261 | int=0.011 vs mb_any=0.000 (paired subset only)
   action n=  2325 | int=0.094 dirb=0.053 noise=0.049 | raw int=0.094 soft=1.000 hard=1.000 | ||dh|| int=1.170 dirb=1.284 noise=1.281
          coverage: mb_any=0.10 mb_rule=0.51 dirb=1.00 noise=1.00
          int - dirb  : +0.041 [+0.029, +0.052] n=2325 | int=0.094 vs dirb=0.053
          int - noise : +0.045 [+0.034, +0.056] n=2325 | int=0.094 vs noise=0.049
          int - mb_any: +0.004 [+0.000, +0.013] n=238 | int=0.008 vs mb_any=0.004 (paired subset only)

== Strength curve (teacher change rate; int - dirb with 95% CI) ==
  concept q=  50 | int=0.051 dirb=0.030 noise=0.027 | int-dirb +0.022 [+0.017, +0.027] | int-noise +0.024 [+0.019, +0.030] | ||dh||=0.978
  concept q=  75 | int=0.051 dirb=0.030 noise=0.027 | int-dirb +0.022 [+0.017, +0.027] | int-noise +0.024 [+0.019, +0.030] | ||dh||=0.978
  concept q=  90 | int=0.051 dirb=0.030 noise=0.027 | int-dirb +0.022 [+0.017, +0.027] | int-noise +0.024 [+0.019, +0.030] | ||dh||=0.978
  concept q=  95 | int=0.051 dirb=0.030 noise=0.027 | int-dirb +0.022 [+0.017, +0.027] | int-noise +0.024 [+0.019, +0.030] | ||dh||=0.978
  concept q=  99 | int=0.051 dirb=0.030 noise=0.027 | int-dirb +0.022 [+0.017, +0.027] | int-noise +0.024 [+0.019, +0.030] | ||dh||=0.978
   clause q=  50 | int=0.094 dirb=0.056 noise=0.050 | int-dirb +0.037 [+0.027, +0.048] | int-noise +0.044 [+0.034, +0.054] | ||dh||=1.170
   clause q=  75 | int=0.094 dirb=0.056 noise=0.050 | int-dirb +0.037 [+0.027, +0.048] | int-noise +0.044 [+0.034, +0.054] | ||dh||=1.170
   clause q=  90 | int=0.094 dirb=0.056 noise=0.050 | int-dirb +0.037 [+0.027, +0.048] | int-noise +0.044 [+0.034, +0.054] | ||dh||=1.170
   clause q=  95 | int=0.094 dirb=0.056 noise=0.050 | int-dirb +0.037 [+0.027, +0.048] | int-noise +0.044 [+0.034, +0.054] | ||dh||=1.170
   clause q=  99 | int=0.094 dirb=0.056 noise=0.050 | int-dirb +0.037 [+0.027, +0.048] | int-noise +0.044 [+0.034, +0.054] | ||dh||=1.170
   action q=  50 | int=0.094 dirb=0.053 noise=0.049 | int-dirb +0.041 [+0.029, +0.052] | int-noise +0.045 [+0.034, +0.056] | ||dh||=1.170
   action q=  75 | int=0.094 dirb=0.053 noise=0.049 | int-dirb +0.041 [+0.029, +0.052] | int-noise +0.045 [+0.034, +0.056] | ||dh||=1.170
   action q=  90 | int=0.094 dirb=0.053 noise=0.049 | int-dirb +0.041 [+0.029, +0.052] | int-noise +0.045 [+0.034, +0.056] | ||dh||=1.170
   action q=  95 | int=0.094 dirb=0.053 noise=0.049 | int-dirb +0.041 [+0.029, +0.052] | int-noise +0.045 [+0.034, +0.056] | ||dh||=1.170
   action q=  99 | int=0.094 dirb=0.053 noise=0.049 | int-dirb +0.041 [+0.029, +0.052] | int-noise +0.045 [+0.034, +0.056] | ||dh||=1.170

== Sufficiency n=4627 | switch-to-target: hard=0.663 soft=0.828 teacher=0.002 (dirb teacher=0.000, matched teacher=0.001)
== Minimal counterfactual: mean=1.43 median=1.0 found=0.88 hist={1: 3067, 2: 803, 3: 534, 4: 16, 5: 0}
== Per-concept MWU (teacher int > dirb): p=0.394

== Per concept (primary strength) ==
  c 25 [G1,wall_ahead] n=  977 nec hard=1.00 teacher=0.09 (dirb 0.06, noise 0.05, matched 0.02 cov 0.30) suf teacher=-- clauses=1 actions=1
  c111 [G2c,key_in_front] n=  580 nec hard=1.00 teacher=0.05 (dirb 0.02, noise 0.01, matched 0.00 cov 0.21) suf teacher=0.18 clauses=1 actions=1
  c115 [G1,agent_dir] n=  580 nec hard=1.00 teacher=0.00 (dirb 0.02, noise 0.02, matched 0.01 cov 0.23) suf teacher=-- clauses=1 actions=1
  c196 [G1,key_in_front] n=  387 nec hard=1.00 teacher=0.00 (dirb 0.00, noise 0.00, matched 0.00 cov 0.30) suf teacher=0.00 clauses=1 actions=1
  c231 [U,door_in_front] n=  381 nec hard=1.00 teacher=0.00 (dirb 0.00, noise 0.00, matched 0.00 cov 0.31) suf teacher=-- clauses=1 actions=1
  c250 [G2c,door_open] n=  580 nec hard=1.00 teacher=0.08 (dirb 0.02, noise 0.02, matched 0.00 cov 0.23) suf teacher=1.00 clauses=1 actions=1
  c261 [U,door_in_front] n=  381 nec hard=1.00 teacher=0.00 (dirb 0.00, noise 0.00, matched 0.00 cov 0.37) suf teacher=-- clauses=1 actions=1
  c268 [G1,wall_ahead] n=  580 nec hard=1.00 teacher=0.02 (dirb 0.01, noise 0.01, matched 0.00 cov 0.26) suf teacher=-- clauses=1 actions=1
  c281 [G1,wall_ahead] n=  977 nec hard=1.00 teacher=0.10 (dirb 0.06, noise 0.06, matched 0.04 cov 0.29) suf teacher=-- clauses=1 actions=1

Saved to experiments/e1/results_doorkey_44
