MiniGrid observation shape: (3, 7, 7), using 3 input channels
{
  "n_states": 25160,
  "n_clauses": 90,
  "n_distinct_clauses": 8,
  "n_false_clauses": 0,
  "n_true_clauses": 30,
  "fallback_action": 2,
  "fallback_rate": 0.0,
  "teacher_vs_data": 1.0,
  "teacher_raw_vs_data": 1.0,
  "hard_fidelity": 0.9990461049284579,
  "soft_fidelity": 0.9999602543720191,
  "hard_z_equals_bool": 1.0,
  "zero_intervention_max_dh": 0.0,
  "concepts_in_rules": 12,
  "rule_concepts_dead": [],
  "rule_concepts_unflippable_on": [],
  "rule_concepts_unflippable_off": [],
  "strengths": [
    50.0,
    75.0,
    90.0,
    95.0,
    99.0
  ],
  "primary_strength": 50.0
}
Rows: 13401 | states without a winning literal clause: 2674/5000
  strength q=50: suff. teacher->target int=0.018 dirb=0.014 noise=0.014 diff=+0.005 [+0.000,+0.014] ||dh||=0.437 | concept nec teacher int=0.044 dirb=0.029 noise=0.027 ||dh||=0.880
  strength q=75: suff. teacher->target int=0.018 dirb=0.009 noise=0.009 diff=+0.009 [+0.000,+0.023] ||dh||=0.539 | concept nec teacher int=0.044 dirb=0.029 noise=0.027 ||dh||=0.880
  strength q=90: suff. teacher->target int=0.009 dirb=0.009 noise=0.009 diff=+0.000 [-0.014,+0.013] ||dh||=0.588 | concept nec teacher int=0.044 dirb=0.029 noise=0.027 ||dh||=0.880
  strength q=95: suff. teacher->target int=0.009 dirb=0.014 noise=0.009 diff=-0.005 [-0.023,+0.009] ||dh||=0.651 | concept nec teacher int=0.044 dirb=0.029 noise=0.027 ||dh||=0.880
  strength q=99: suff. teacher->target int=0.009 dirb=0.014 noise=0.009 diff=-0.005 [-0.023,+0.009] ||dh||=0.813 | concept nec teacher int=0.044 dirb=0.029 noise=0.027 ||dh||=0.880

Row sanity: {'RPCR': 1.0, 'flip_consistency_rule_vs_sae': 1.0, 'mean_neg_frac_before_clamp': 0.34760290743228117, 'rows_dropped_unflippable': 0}

Share of flips that turn a concept ON (only these depend on --strengths):
  necessity concept: 0.000
  necessity  clause: 0.000
  necessity  action: 0.000
  sufficiency       : 1.000

== Levels at primary strength q=50 (necessity; teacher change rate) ==
  concept n=  7172 | int=0.044 dirb=0.029 noise=0.027 | raw int=0.036 soft=0.647 hard=0.864 | ||dh|| int=0.880 dirb=0.809 noise=0.820
          coverage: mb_any=0.26 mb_rule=0.77 dirb=1.00 noise=1.00
          int - dirb  : +0.014 [+0.009, +0.019] n=7172 | int=0.044 vs dirb=0.029
          int - noise : +0.016 [+0.011, +0.022] n=7172 | int=0.044 vs noise=0.027
          int - mb_any: +0.005 [+0.001, +0.010] n=1892 | int=0.020 vs mb_any=0.015 (paired subset only)
   clause n=  3684 | int=0.071 dirb=0.067 noise=0.066 | raw int=0.069 soft=1.000 hard=1.000 | ||dh|| int=1.088 dirb=1.430 noise=1.441
          coverage: mb_any=0.04 mb_rule=0.23 dirb=1.00 noise=1.00
          int - dirb  : +0.004 [-0.005, +0.013] n=3684 | int=0.071 vs dirb=0.067
          int - noise : +0.005 [-0.004, +0.014] n=3684 | int=0.071 vs noise=0.066
          int - mb_any: +0.000 [+0.000, +0.000] n=165 | int=0.012 vs mb_any=0.012 (paired subset only)
   action n=  2326 | int=0.072 dirb=0.061 noise=0.060 | raw int=0.071 soft=1.000 hard=1.000 | ||dh|| int=1.151 dirb=1.447 noise=1.464
          coverage: mb_any=0.03 mb_rule=0.17 dirb=1.00 noise=1.00
          int - dirb  : +0.010 [-0.001, +0.021] n=2326 | int=0.072 vs dirb=0.061
          int - noise : +0.012 [+0.003, +0.021] n=2326 | int=0.072 vs noise=0.060
          int - mb_any: +0.000 [+0.000, +0.000] n=67 | int=0.000 vs mb_any=0.000 (paired subset only)

== Strength curve (teacher change rate; int - dirb with 95% CI) ==
  concept q=  50 | int=0.044 dirb=0.029 noise=0.027 | int-dirb +0.014 [+0.009, +0.019] | int-noise +0.016 [+0.011, +0.022] | ||dh||=0.880
  concept q=  75 | int=0.044 dirb=0.029 noise=0.027 | int-dirb +0.014 [+0.009, +0.019] | int-noise +0.016 [+0.011, +0.022] | ||dh||=0.880
  concept q=  90 | int=0.044 dirb=0.029 noise=0.027 | int-dirb +0.014 [+0.009, +0.019] | int-noise +0.016 [+0.011, +0.022] | ||dh||=0.880
  concept q=  95 | int=0.044 dirb=0.029 noise=0.027 | int-dirb +0.014 [+0.009, +0.019] | int-noise +0.016 [+0.011, +0.022] | ||dh||=0.880
  concept q=  99 | int=0.044 dirb=0.029 noise=0.027 | int-dirb +0.014 [+0.009, +0.019] | int-noise +0.016 [+0.011, +0.022] | ||dh||=0.880
   clause q=  50 | int=0.071 dirb=0.067 noise=0.066 | int-dirb +0.004 [-0.005, +0.013] | int-noise +0.005 [-0.004, +0.014] | ||dh||=1.088
   clause q=  75 | int=0.071 dirb=0.067 noise=0.066 | int-dirb +0.004 [-0.005, +0.013] | int-noise +0.005 [-0.004, +0.014] | ||dh||=1.088
   clause q=  90 | int=0.071 dirb=0.067 noise=0.066 | int-dirb +0.004 [-0.005, +0.013] | int-noise +0.005 [-0.004, +0.014] | ||dh||=1.088
   clause q=  95 | int=0.071 dirb=0.067 noise=0.066 | int-dirb +0.004 [-0.005, +0.013] | int-noise +0.005 [-0.004, +0.014] | ||dh||=1.088
   clause q=  99 | int=0.071 dirb=0.067 noise=0.066 | int-dirb +0.004 [-0.005, +0.013] | int-noise +0.005 [-0.004, +0.014] | ||dh||=1.088
   action q=  50 | int=0.072 dirb=0.061 noise=0.060 | int-dirb +0.010 [-0.001, +0.021] | int-noise +0.012 [+0.003, +0.021] | ||dh||=1.151
   action q=  75 | int=0.072 dirb=0.061 noise=0.060 | int-dirb +0.010 [-0.001, +0.021] | int-noise +0.012 [+0.003, +0.021] | ||dh||=1.151
   action q=  90 | int=0.072 dirb=0.061 noise=0.060 | int-dirb +0.010 [-0.001, +0.021] | int-noise +0.012 [+0.003, +0.021] | ||dh||=1.151
   action q=  95 | int=0.072 dirb=0.061 noise=0.060 | int-dirb +0.010 [-0.001, +0.021] | int-noise +0.012 [+0.003, +0.021] | ||dh||=1.151
   action q=  99 | int=0.072 dirb=0.061 noise=0.060 | int-dirb +0.010 [-0.001, +0.021] | int-noise +0.012 [+0.003, +0.021] | ||dh||=1.151

== Sufficiency n=219 | switch-to-target: hard=0.137 soft=0.055 teacher=0.018 (dirb teacher=0.014, matched teacher=0.014)
== Minimal counterfactual: mean=2.11 median=2.0 found=0.88 hist={1: 30, 2: 3889, 3: 476, 4: 24, 5: 0}
== Per-concept MWU (teacher int > dirb): p=0.394

== Per concept (primary strength) ==
  c 23 [G1,wall_ahead] n=  581 nec hard=1.00 teacher=0.02 (dirb 0.03, noise 0.03, matched 0.01 cov 0.26) suf teacher=0.07 clauses=1 actions=1
  c 54 [G2c,key_in_front] n=  387 nec hard=1.00 teacher=0.00 (dirb 0.00, noise 0.00, matched 0.00 cov 0.29) suf teacher=-- clauses=1 actions=1
  c 87 [G1,wall_ahead] n=  977 nec hard=1.00 teacher=0.09 (dirb 0.07, noise 0.06, matched 0.03 cov 0.28) suf teacher=1.00 clauses=2 actions=1
  c 92 [U,agent_dir] n=  581 nec hard=1.00 teacher=0.02 (dirb 0.02, noise 0.02, matched 0.01 cov 0.23) suf teacher=-- clauses=1 actions=1
  c129 [U,door_in_front] n=  381 nec hard=1.00 teacher=0.00 (dirb 0.00, noise 0.00, matched 0.00 cov 0.26) suf teacher=-- clauses=2 actions=1
  c131 [G1,key_in_front] n=  387 nec hard=1.00 teacher=0.00 (dirb 0.00, noise 0.00, matched 0.00 cov 0.29) suf teacher=0.00 clauses=1 actions=1
  c170 [G1,wall_ahead] n=  977 nec hard=1.00 teacher=0.10 (dirb 0.06, noise 0.05, matched 0.02 cov 0.26) suf teacher=-- clauses=2 actions=1
  c182 [U,door_in_front] n=  381 nec hard=1.00 teacher=0.00 (dirb 0.00, noise 0.00, matched 0.00 cov 0.26) suf teacher=-- clauses=2 actions=1
  c237 [G2c,key_in_front] n=  581 nec hard=1.00 teacher=0.03 (dirb 0.01, noise 0.02, matched 0.01 cov 0.23) suf teacher=-- clauses=1 actions=1
  c258 [G1,wall_ahead] n=  977 nec hard=0.00 teacher=0.06 (dirb 0.03, noise 0.03, matched 0.03 cov 0.28) suf teacher=-- clauses=1 actions=1
  c262 [U,door_in_front] n=  381 nec hard=1.00 teacher=0.00 (dirb 0.00, noise 0.00, matched 0.00 cov 0.29) suf teacher=0.00 clauses=1 actions=1
  c294 [G2,key_in_front] n=  581 nec hard=1.00 teacher=0.05 (dirb 0.03, noise 0.03, matched 0.01 cov 0.23) suf teacher=-- clauses=1 actions=1

Saved to experiments/e1/results_doorkey_42
