{
  "n_states": 99474,
  "n_clauses": 60,
  "n_distinct_clauses": 13,
  "n_false_clauses": 0,
  "n_true_clauses": 3,
  "fallback_action": 3,
  "fallback_rate": 0.0,
  "teacher_vs_data": 0.9995978848744396,
  "teacher_raw_vs_data": 0.9995978848744396,
  "hard_fidelity": 0.9977381024187225,
  "soft_fidelity": 0.9980497416410318,
  "hard_z_equals_bool": 1.0,
  "zero_intervention_max_dh": 0.0,
  "concepts_in_rules": 12,
  "rule_concepts_dead": [],
  "rule_concepts_unflippable_on": [],
  "rule_concepts_unflippable_off": [],
  "strengths": [
    50.0,
    75.0,
    90.0,
    95.0,
    99.0
  ],
  "primary_strength": 50.0
}
Rows: 75244 | states without a winning literal clause: 8/5000
  strength q=50: suff. teacher->target int=0.072 dirb=0.024 noise=0.021 diff=+0.047 [+0.044,+0.050] ||dh||=0.784 | concept nec teacher int=0.075 dirb=0.038 noise=0.061 ||dh||=1.006
  strength q=75: suff. teacher->target int=0.114 dirb=0.040 noise=0.036 diff=+0.074 [+0.070,+0.077] ||dh||=1.317 | concept nec teacher int=0.075 dirb=0.038 noise=0.061 ||dh||=1.006
  strength q=90: suff. teacher->target int=0.162 dirb=0.057 noise=0.053 diff=+0.104 [+0.101,+0.108] ||dh||=2.018 | concept nec teacher int=0.075 dirb=0.038 noise=0.061 ||dh||=1.006
  strength q=95: suff. teacher->target int=0.196 dirb=0.070 noise=0.064 diff=+0.126 [+0.123,+0.130] ||dh||=2.568 | concept nec teacher int=0.075 dirb=0.038 noise=0.061 ||dh||=1.006
  strength q=99: suff. teacher->target int=0.249 dirb=0.088 noise=0.083 diff=+0.161 [+0.158,+0.165] ||dh||=3.699 | concept nec teacher int=0.075 dirb=0.038 noise=0.061 ||dh||=1.006

Row sanity: {'RPCR': 1.0, 'flip_consistency_rule_vs_sae': 1.0, 'mean_neg_frac_before_clamp': 0.3564495954411647, 'rows_dropped_unflippable': 0}

Share of flips that turn a concept ON (only these depend on --strengths):
  necessity concept: 0.000
  necessity  clause: 0.000
  necessity  action: 0.000
  sufficiency       : 1.000

== Levels at primary strength q=50 (necessity; teacher change rate) ==
  concept n= 10783 | int=0.075 dirb=0.038 noise=0.061 | raw int=0.180 soft=0.144 hard=0.075 | ||dh|| int=1.006 dirb=0.852 noise=0.989
          coverage: mb_any=0.01 mb_rule=0.06 dirb=1.00 noise=1.00
          int - dirb  : +0.037 [+0.031, +0.043] n=10783 | int=0.075 vs dirb=0.038
          int - noise : +0.014 [+0.008, +0.020] n=10783 | int=0.075 vs noise=0.061
          int - mb_any: +0.007 [-0.054, +0.070] n=141 | int=0.085 vs mb_any=0.078 (paired subset only)
   clause n= 10783 | int=0.075 dirb=0.037 noise=0.060 | raw int=0.180 soft=0.144 hard=0.075 | ||dh|| int=1.006 dirb=0.850 noise=0.988
          coverage: mb_any=0.01 mb_rule=0.06 dirb=1.00 noise=1.00
          int - dirb  : +0.038 [+0.033, +0.043] n=10783 | int=0.075 vs dirb=0.037
          int - noise : +0.015 [+0.008, +0.022] n=10783 | int=0.075 vs noise=0.060
          int - mb_any: +0.007 [-0.044, +0.057] n=137 | int=0.073 vs mb_any=0.066 (paired subset only)
   action n=  4992 | int=0.067 dirb=0.083 noise=0.109 | raw int=0.169 soft=0.911 hard=0.844 | ||dh|| int=0.644 dirb=1.299 noise=1.476
          coverage: mb_any=0.00 mb_rule=0.01 dirb=1.00 noise=1.00
          int - dirb  : -0.016 [-0.026, -0.006] n=4992 | int=0.067 vs dirb=0.083
          int - noise : -0.041 [-0.051, -0.032] n=4992 | int=0.067 vs noise=0.109
          int - mb_any: +0.273 [+0.091, +0.476] n=22 | int=0.318 vs mb_any=0.045 (paired subset only)

== Strength curve (teacher change rate; int - dirb with 95% CI) ==
  concept q=  50 | int=0.075 dirb=0.038 noise=0.061 | int-dirb +0.037 [+0.031, +0.043] | int-noise +0.014 [+0.008, +0.020] | ||dh||=1.006
  concept q=  75 | int=0.075 dirb=0.038 noise=0.061 | int-dirb +0.037 [+0.031, +0.043] | int-noise +0.014 [+0.008, +0.020] | ||dh||=1.006
  concept q=  90 | int=0.075 dirb=0.038 noise=0.061 | int-dirb +0.037 [+0.031, +0.043] | int-noise +0.014 [+0.008, +0.020] | ||dh||=1.006
  concept q=  95 | int=0.075 dirb=0.038 noise=0.061 | int-dirb +0.037 [+0.031, +0.043] | int-noise +0.014 [+0.008, +0.020] | ||dh||=1.006
  concept q=  99 | int=0.075 dirb=0.038 noise=0.061 | int-dirb +0.037 [+0.031, +0.043] | int-noise +0.014 [+0.008, +0.020] | ||dh||=1.006
   clause q=  50 | int=0.075 dirb=0.037 noise=0.060 | int-dirb +0.038 [+0.033, +0.043] | int-noise +0.015 [+0.008, +0.022] | ||dh||=1.006
   clause q=  75 | int=0.075 dirb=0.037 noise=0.060 | int-dirb +0.038 [+0.033, +0.043] | int-noise +0.015 [+0.008, +0.022] | ||dh||=1.006
   clause q=  90 | int=0.075 dirb=0.037 noise=0.060 | int-dirb +0.038 [+0.033, +0.043] | int-noise +0.015 [+0.008, +0.022] | ||dh||=1.006
   clause q=  95 | int=0.075 dirb=0.037 noise=0.060 | int-dirb +0.038 [+0.033, +0.043] | int-noise +0.015 [+0.008, +0.022] | ||dh||=1.006
   clause q=  99 | int=0.075 dirb=0.037 noise=0.060 | int-dirb +0.038 [+0.033, +0.043] | int-noise +0.015 [+0.008, +0.022] | ||dh||=1.006
   action q=  50 | int=0.067 dirb=0.083 noise=0.109 | int-dirb -0.016 [-0.026, -0.006] | int-noise -0.041 [-0.051, -0.032] | ||dh||=0.644
   action q=  75 | int=0.067 dirb=0.083 noise=0.109 | int-dirb -0.016 [-0.026, -0.006] | int-noise -0.041 [-0.051, -0.032] | ||dh||=0.644
   action q=  90 | int=0.067 dirb=0.083 noise=0.109 | int-dirb -0.016 [-0.026, -0.006] | int-noise -0.041 [-0.051, -0.032] | ||dh||=0.644
   action q=  95 | int=0.067 dirb=0.083 noise=0.109 | int-dirb -0.016 [-0.026, -0.006] | int-noise -0.041 [-0.051, -0.032] | ||dh||=0.644
   action q=  99 | int=0.067 dirb=0.083 noise=0.109 | int-dirb -0.016 [-0.026, -0.006] | int-noise -0.041 [-0.051, -0.032] | ||dh||=0.644

== Sufficiency n=48686 | switch-to-target: hard=0.044 soft=0.042 teacher=0.072 (dirb teacher=0.024, matched teacher=0.036)
== Minimal counterfactual: mean=1.00 median=1.0 found=0.35 hist={1: 1746, 2: 0, 3: 0, 4: 0, 5: 0}
== Per-concept MWU (teacher int > dirb): p=0.625

== Per concept (primary strength) ==
  c 65 [None,None] n= 1121 nec hard=0.03 teacher=0.00 (dirb 0.05, noise 0.06, matched 0.00 cov 0.01) suf teacher=0.00 clauses=1 actions=1
  c 94 [None,None] n=  792 nec hard=0.01 teacher=0.15 (dirb 0.04, noise 0.05, matched 0.12 cov 0.01) suf teacher=0.10 clauses=1 actions=1
  c106 [None,None] n= 1189 nec hard=0.00 teacher=0.00 (dirb 0.03, noise 0.05, matched 0.09 cov 0.02) suf teacher=0.00 clauses=1 actions=1
  c138 [None,None] n=  443 nec hard=0.03 teacher=0.04 (dirb 0.04, noise 0.04, matched 0.50 cov 0.00) suf teacher=0.01 clauses=1 actions=1
  c204 [None,None] n= 1166 nec hard=0.00 teacher=0.06 (dirb 0.02, noise 0.03, matched 0.11 cov 0.02) suf teacher=0.09 clauses=1 actions=1
  c274 [None,None] n= 1173 nec hard=0.00 teacher=0.00 (dirb 0.02, noise 0.04, matched 0.00 cov 0.02) suf teacher=0.00 clauses=1 actions=1
  c290 [None,None] n=  743 nec hard=0.02 teacher=0.07 (dirb 0.06, noise 0.09, matched 0.00 cov 0.01) suf teacher=0.02 clauses=1 actions=1
  c312 [None,None] n= 1137 nec hard=0.04 teacher=0.38 (dirb 0.06, noise 0.07, matched 0.09 cov 0.01) suf teacher=0.53 clauses=1 actions=1
  c317 [None,None] n= 1207 nec hard=0.00 teacher=0.04 (dirb 0.02, noise 0.04, matched 0.10 cov 0.02) suf teacher=0.09 clauses=1 actions=1
  c403 [None,None] n=  628 nec hard=1.00 teacher=0.08 (dirb 0.09, noise 0.17, matched 0.00 cov 0.01) suf teacher=0.02 clauses=1 actions=1
  c428 [None,None] n=  442 nec hard=0.05 teacher=0.01 (dirb 0.03, noise 0.06, matched 0.00 cov 0.01) suf teacher=0.00 clauses=1 actions=1
  c462 [None,None] n=  742 nec hard=0.02 teacher=0.01 (dirb 0.05, noise 0.07, matched 0.20 cov 0.01) suf teacher=0.02 clauses=1 actions=1

Saved to experiments/e1/results_pong_43
