{
  "n_states": 99474,
  "n_clauses": 60,
  "n_distinct_clauses": 15,
  "n_false_clauses": 0,
  "n_true_clauses": 1,
  "fallback_action": 3,
  "fallback_rate": 0.0,
  "teacher_vs_data": 0.9995978848744396,
  "teacher_raw_vs_data": 0.9995978848744396,
  "hard_fidelity": 0.999055029454933,
  "soft_fidelity": 0.9994470917023544,
  "hard_z_equals_bool": 1.0,
  "zero_intervention_max_dh": 0.0,
  "concepts_in_rules": 14,
  "rule_concepts_dead": [],
  "rule_concepts_unflippable_on": [],
  "rule_concepts_unflippable_off": [],
  "strengths": [
    50.0,
    75.0,
    90.0,
    95.0,
    99.0
  ],
  "primary_strength": 50.0
}
Rows: 87234 | states without a winning literal clause: 3/5000
  strength q=50: suff. teacher->target int=0.096 dirb=0.023 noise=0.021 diff=+0.072 [+0.070,+0.075] ||dh||=0.672 | concept nec teacher int=0.095 dirb=0.033 noise=0.052 ||dh||=0.952
  strength q=75: suff. teacher->target int=0.148 dirb=0.039 noise=0.035 diff=+0.109 [+0.106,+0.113] ||dh||=1.148 | concept nec teacher int=0.095 dirb=0.033 noise=0.052 ||dh||=0.952
  strength q=90: suff. teacher->target int=0.194 dirb=0.058 noise=0.054 diff=+0.136 [+0.132,+0.139] ||dh||=1.844 | concept nec teacher int=0.095 dirb=0.033 noise=0.052 ||dh||=0.952
  strength q=95: suff. teacher->target int=0.228 dirb=0.069 noise=0.067 diff=+0.158 [+0.155,+0.161] ||dh||=2.434 | concept nec teacher int=0.095 dirb=0.033 noise=0.052 ||dh||=0.952
  strength q=99: suff. teacher->target int=0.281 dirb=0.091 noise=0.089 diff=+0.189 [+0.186,+0.193] ||dh||=4.037 | concept nec teacher int=0.095 dirb=0.033 noise=0.052 ||dh||=0.952

Row sanity: {'RPCR': 1.0, 'flip_consistency_rule_vs_sae': 1.0, 'mean_neg_frac_before_clamp': 0.35304786371999447, 'rows_dropped_unflippable': 0}

Share of flips that turn a concept ON (only these depend on --strengths):
  necessity concept: 0.000
  necessity  clause: 0.000
  necessity  action: 0.000
  sufficiency       : 1.000

== Levels at primary strength q=50 (necessity; teacher change rate) ==
  concept n= 12835 | int=0.095 dirb=0.033 noise=0.052 | raw int=0.238 soft=0.043 hard=0.043 | ||dh|| int=0.952 dirb=0.828 noise=0.953
          coverage: mb_any=0.01 mb_rule=0.05 dirb=1.00 noise=1.00
          int - dirb  : +0.062 [+0.056, +0.067] n=12835 | int=0.095 vs dirb=0.033
          int - noise : +0.043 [+0.037, +0.049] n=12835 | int=0.095 vs noise=0.052
          int - mb_any: -0.006 [-0.061, +0.051] n=173 | int=0.064 vs mb_any=0.069 (paired subset only)
   clause n= 12835 | int=0.095 dirb=0.034 noise=0.054 | raw int=0.238 soft=0.043 hard=0.043 | ||dh|| int=0.952 dirb=0.825 noise=0.954
          coverage: mb_any=0.01 mb_rule=0.05 dirb=1.00 noise=1.00
          int - dirb  : +0.061 [+0.054, +0.067] n=12835 | int=0.095 vs dirb=0.034
          int - noise : +0.041 [+0.035, +0.047] n=12835 | int=0.095 vs noise=0.054
          int - mb_any: +0.045 [-0.006, +0.093] n=179 | int=0.117 vs mb_any=0.073 (paired subset only)
   action n=  4997 | int=0.080 dirb=0.079 noise=0.110 | raw int=0.228 soft=0.779 hard=0.859 | ||dh|| int=0.598 dirb=1.343 noise=1.530
          coverage: mb_any=0.00 mb_rule=0.01 dirb=1.00 noise=1.00
          int - dirb  : +0.001 [-0.008, +0.010] n=4997 | int=0.080 vs dirb=0.079
          int - noise : -0.030 [-0.042, -0.020] n=4997 | int=0.080 vs noise=0.110
          int - mb_any: +0.000 [-0.250, +0.250] n=12 | int=0.083 vs mb_any=0.083 (paired subset only)

== Strength curve (teacher change rate; int - dirb with 95% CI) ==
  concept q=  50 | int=0.095 dirb=0.033 noise=0.052 | int-dirb +0.062 [+0.056, +0.067] | int-noise +0.043 [+0.037, +0.049] | ||dh||=0.952
  concept q=  75 | int=0.095 dirb=0.033 noise=0.052 | int-dirb +0.062 [+0.056, +0.067] | int-noise +0.043 [+0.037, +0.049] | ||dh||=0.952
  concept q=  90 | int=0.095 dirb=0.033 noise=0.052 | int-dirb +0.062 [+0.056, +0.067] | int-noise +0.043 [+0.037, +0.049] | ||dh||=0.952
  concept q=  95 | int=0.095 dirb=0.033 noise=0.052 | int-dirb +0.062 [+0.056, +0.067] | int-noise +0.043 [+0.037, +0.049] | ||dh||=0.952
  concept q=  99 | int=0.095 dirb=0.033 noise=0.052 | int-dirb +0.062 [+0.056, +0.067] | int-noise +0.043 [+0.037, +0.049] | ||dh||=0.952
   clause q=  50 | int=0.095 dirb=0.034 noise=0.054 | int-dirb +0.061 [+0.054, +0.067] | int-noise +0.041 [+0.035, +0.047] | ||dh||=0.952
   clause q=  75 | int=0.095 dirb=0.034 noise=0.054 | int-dirb +0.061 [+0.054, +0.067] | int-noise +0.041 [+0.035, +0.047] | ||dh||=0.952
   clause q=  90 | int=0.095 dirb=0.034 noise=0.054 | int-dirb +0.061 [+0.054, +0.067] | int-noise +0.041 [+0.035, +0.047] | ||dh||=0.952
   clause q=  95 | int=0.095 dirb=0.034 noise=0.054 | int-dirb +0.061 [+0.054, +0.067] | int-noise +0.041 [+0.035, +0.047] | ||dh||=0.952
   clause q=  99 | int=0.095 dirb=0.034 noise=0.054 | int-dirb +0.061 [+0.054, +0.067] | int-noise +0.041 [+0.035, +0.047] | ||dh||=0.952
   action q=  50 | int=0.080 dirb=0.079 noise=0.110 | int-dirb +0.001 [-0.008, +0.010] | int-noise -0.030 [-0.042, -0.020] | ||dh||=0.598
   action q=  75 | int=0.080 dirb=0.079 noise=0.110 | int-dirb +0.001 [-0.008, +0.010] | int-noise -0.030 [-0.042, -0.020] | ||dh||=0.598
   action q=  90 | int=0.080 dirb=0.079 noise=0.110 | int-dirb +0.001 [-0.008, +0.010] | int-noise -0.030 [-0.042, -0.020] | ||dh||=0.598
   action q=  95 | int=0.080 dirb=0.079 noise=0.110 | int-dirb +0.001 [-0.008, +0.010] | int-noise -0.030 [-0.042, -0.020] | ||dh||=0.598
   action q=  99 | int=0.080 dirb=0.079 noise=0.110 | int-dirb +0.001 [-0.008, +0.010] | int-noise -0.030 [-0.042, -0.020] | ||dh||=0.598

== Sufficiency n=56567 | switch-to-target: hard=0.087 soft=0.084 teacher=0.096 (dirb teacher=0.023, matched teacher=0.040)
== Minimal counterfactual: mean=1.00 median=1.0 found=0.70 hist={1: 3504, 2: 0, 3: 0, 4: 0, 5: 0}
== Per-concept MWU (teacher int > dirb): p=0.509

== Per concept (primary strength) ==
  c  1 [None,None] n= 1167 nec hard=0.00 teacher=0.03 (dirb 0.02, noise 0.03, matched 0.00 cov 0.02) suf teacher=0.04 clauses=1 actions=1
  c 11 [None,None] n=  734 nec hard=0.00 teacher=0.40 (dirb 0.06, noise 0.08, matched 0.17 cov 0.01) suf teacher=0.22 clauses=1 actions=1
  c124 [None,None] n= 1136 nec hard=0.00 teacher=0.00 (dirb 0.03, noise 0.07, matched 0.00 cov 0.01) suf teacher=0.00 clauses=1 actions=1
  c229 [None,None] n=  790 nec hard=0.00 teacher=0.00 (dirb 0.02, noise 0.05, matched 0.00 cov 0.01) suf teacher=0.00 clauses=1 actions=1
  c242 [None,None] n=  447 nec hard=1.00 teacher=0.11 (dirb 0.03, noise 0.04, matched 0.11 cov 0.02) suf teacher=0.03 clauses=1 actions=1
  c243 [None,None] n= 1133 nec hard=0.01 teacher=0.20 (dirb 0.02, noise 0.03, matched 0.00 cov 0.01) suf teacher=0.35 clauses=1 actions=1
  c286 [None,None] n=  628 nec hard=0.02 teacher=0.06 (dirb 0.04, noise 0.04, matched 0.00 cov 0.02) suf teacher=0.04 clauses=1 actions=1
  c349 [None,None] n=  737 nec hard=0.04 teacher=0.00 (dirb 0.06, noise 0.11, matched 0.14 cov 0.01) suf teacher=0.00 clauses=1 actions=1
  c392 [None,None] n= 1194 nec hard=0.01 teacher=0.00 (dirb 0.02, noise 0.03, matched 0.14 cov 0.02) suf teacher=0.00 clauses=1 actions=1
  c396 [None,None] n= 1124 nec hard=0.00 teacher=0.01 (dirb 0.02, noise 0.04, matched 0.07 cov 0.01) suf teacher=0.01 clauses=1 actions=1
  c491 [None,None] n=  627 nec hard=0.00 teacher=0.00 (dirb 0.03, noise 0.04, matched 0.10 cov 0.02) suf teacher=0.00 clauses=1 actions=1
  c497 [None,None] n=  795 nec hard=0.01 teacher=0.10 (dirb 0.04, noise 0.06, matched 0.08 cov 0.02) suf teacher=0.04 clauses=1 actions=1
  c502 [None,None] n= 1136 nec hard=0.02 teacher=0.39 (dirb 0.04, noise 0.07, matched 0.13 cov 0.01) suf teacher=0.59 clauses=1 actions=1
  c511 [None,None] n= 1187 nec hard=0.00 teacher=0.03 (dirb 0.04, noise 0.05, matched 0.10 cov 0.01) suf teacher=0.05 clauses=1 actions=1

Saved to experiments/e1/results_pong_44
