Held-out: (24403, 128), factors=['obstacle_ahead', 'obstacle_left', 'obstacle_right', 'agent_dir', 'goal_dist'], concepts in rules=3
     sae: D=200, alive=71
     cnn: D=128, alive=67
  random: D=200, alive=143
     pca: D=128, alive=67

Ordering SAE >= all baselines (completeness & %G1) holds in 0/12 grid settings
Sanity (shuffled factors): mean AUC=0.500 (expect ~0.5), max folded=0.522

Primary setting:
     sae: compl=0.807 G1=28.2% G2=42.3% G2c=0.0% G3=8.5% U=21.1% dims=71
     cnn: compl=0.873 G1=11.9% G2=80.6% G2c=0.0% G3=4.5% U=3.0% dims=67
  random: compl=0.841 G1=27.0% G2=13.3% G2c=0.0% G3=41.9% U=17.8% dims=148
     pca: compl=0.910 G1=25.4% G2=16.4% G2c=0.0% G3=23.9% U=34.3% dims=67
  Concepts in rules by group: {'G1': 1, 'G2': 2, 'G2c': 0, 'G3': 0, 'U': 0}

Threshold-free polysemanticity [post-hoc] (median 2nd-best AUC / purity):
  (dims kept: best parent AUC >= 0.65)
     sae: second=0.732 purity=0.087 best=0.895 | kept 65/71 (91.5%)
     cnn: second=0.816 purity=0.061 best=0.949 | kept 64/67 (95.5%)
  random: second=0.658 purity=0.130 best=0.851 | kept 258/444 (58.1%)
     pca: second=0.673 purity=0.118 best=0.797 | kept 51/67 (76.1%)
  SAE vs    cnn: 2nd lower p=3.18e-04 (CLES=0.33) | purity higher p=7.11e-02 (CLES=0.57)
  SAE vs random: 2nd lower p=1.00e+00 (CLES=0.68) | purity higher p=9.37e-01 (CLES=0.44)
  SAE vs    pca: 2nd lower p=1.00e+00 (CLES=0.70) | purity higher p=7.17e-01 (CLES=0.47)

Saved to experiments/e2/results_dyobs_44
